ARM Linker, 5.03 [Build 76] [MDK-ARM Standard]

==============================================================================

Section Cross References

    main.o(.text) refers to delay.o(.text) for delay_init
    main.o(.text) refers to key.o(.text) for KEY_Init
    main.o(.text) refers to sys.o(.text) for NVIC_Configuration
    main.o(.text) refers to timer.o(.text) for TIM3_Int_Init
    main.o(.text) refers to usart.o(.text) for uart_init
    main.o(.text) refers to usart2.o(.text) for USART2_Init
    main.o(.text) refers to rtc.o(.text) for RTC_Init
    main.o(.text) refers to driver.o(.text) for Driver_MCU_Init
    main.o(.text) refers to lcdlib.o(.text) for LCD_Init
    main.o(.text) refers to ui.o(.text) for Load_BGImage
    main.o(.text) refers to touch.o(.text) for TOUCH_init
    main.o(.text) refers to ld3320.o(.text) for LD3320_init
    main.o(.text) refers to network.o(.text) for ChooseNetwork
    main.o(.text) refers to sim900a.o(.text) for sim900a_set_time
    main.o(.text) refers to remote.o(.text) for Load_Ctrl_Pannel
    main.o(.text) refers to setting.o(.text) for Load_Keyborad
    main.o(.text) refers to ui.o(.data) for TimeShowingFlag
    main.o(.text) refers to main.o(.data) for state
    main.o(.text) refers to image.o(.constdata) for gImage_voice
    main.o(.text) refers to image.o(.data) for gImage_setting
    system_stm32f10x.o(.text) refers to system_stm32f10x.o(.data) for SystemCoreClock
    ui.o(.text) refers to _printf_pad.o(.text) for _printf_pre_padding
    ui.o(.text) refers to _printf_percent.o(.ARM.Collect$$_printf_percent$$00000000) for _printf_percent
    ui.o(.text) refers to _printf_u.o(.ARM.Collect$$_printf_percent$$0000000A) for _printf_u
    ui.o(.text) refers to _printf_dec.o(.text) for _printf_int_dec
    ui.o(.text) refers to lcdlib.o(.text) for LCD_DisAPhoto
    ui.o(.text) refers to __2sprintf.o(.text) for __2sprintf
    ui.o(.text) refers to image.o(.constdata) for gImage_bg
    ui.o(.text) refers to ui.o(.data) for TimeShowingFlag
    ui.o(.text) refers to image.o(.data) for gImage_setting
    ui.o(.text) refers to rtc.o(.bss) for calendar
    ui.o(.data) refers to ui.o(.conststring) for .conststring
    setting.o(.text) refers to _printf_pad.o(.text) for _printf_pre_padding
    setting.o(.text) refers to _printf_percent.o(.ARM.Collect$$_printf_percent$$00000000) for _printf_percent
    setting.o(.text) refers to _printf_u.o(.ARM.Collect$$_printf_percent$$0000000A) for _printf_u
    setting.o(.text) refers to _printf_dec.o(.text) for _printf_int_dec
    setting.o(.text) refers to lcdlib.o(.text) for LCD_DisARectangular
    setting.o(.text) refers to __2sprintf.o(.text) for __2sprintf
    setting.o(.text) refers to rtc.o(.bss) for calendar
    setting.o(.text) refers to setting.o(.data) for keyVal
    setting.o(.text) refers to rtc.o(.text) for Is_Leap_Year
    setting.o(.text) refers to touch.o(.text) for Touch_GetSite
    setting.o(.text) refers to key.o(.text) for KEY_Scan
    setting.o(.text) refers to ui.o(.data) for TimeShowingFlag
    setting.o(.data) refers to setting.o(.conststring) for .conststring
    remote.o(.text) refers to _printf_pad.o(.text) for _printf_pre_padding
    remote.o(.text) refers to _printf_percent.o(.ARM.Collect$$_printf_percent$$00000000) for _printf_percent
    remote.o(.text) refers to _printf_u.o(.ARM.Collect$$_printf_percent$$0000000A) for _printf_u
    remote.o(.text) refers to _printf_dec.o(.text) for _printf_int_dec
    remote.o(.text) refers to lcdlib.o(.text) for LCD_DisARectangular
    remote.o(.text) refers to sim900a.o(.text) for sim900a_get_data
    remote.o(.text) refers to __2sprintf.o(.text) for __2sprintf
    remote.o(.text) refers to delay.o(.text) for delay_ms
    remote.o(.text) refers to sim900a.o(.bss) for TXdatabuf
    remote.o(.text) refers to remote.o(.bss) for block_state
    remote.o(.text) refers to remote.o(.data) for temperature
    remote.o(.text) refers to ui.o(.data) for TimeShowingFlag
    remote.o(.text) refers to key.o(.text) for KEY_Scan
    remote.o(.text) refers to touch.o(.text) for TOUCH_Scan
    network.o(.text) refers to lcdlib.o(.text) for LCD_DisAWideBorder
    network.o(.text) refers to touch.o(.text) for Touch_GetSite
    network.o(.text) refers to sim900a.o(.data) for networkOption
    key.o(.text) refers to stm32f10x_rcc.o(.text) for RCC_APB2PeriphClockCmd
    key.o(.text) refers to stm32f10x_gpio.o(.text) for GPIO_Init
    key.o(.text) refers to key.o(.data) for keyState
    key.o(.text) refers to timer.o(.data) for KeyCountMs
    rtc.o(.text) refers to misc.o(.text) for NVIC_Init
    rtc.o(.text) refers to stm32f10x_rcc.o(.text) for RCC_APB1PeriphClockCmd
    rtc.o(.text) refers to stm32f10x_pwr.o(.text) for PWR_BackupAccessCmd
    rtc.o(.text) refers to stm32f10x_rtc.o(.text) for RTC_SetCounter
    rtc.o(.text) refers to stm32f10x_bkp.o(.text) for BKP_ReadBackupRegister
    rtc.o(.text) refers to delay.o(.text) for delay_ms
[...]
    _printf_i                                0x0800021b   Thumb Code     0  _printf_i.o(.ARM.Collect$$_printf_percent$$00000008)
    _printf_d                                0x08000221   Thumb Code     0  _printf_d.o(.ARM.Collect$$_printf_percent$$00000009)
    _printf_u                                0x08000227   Thumb Code     0  _printf_u.o(.ARM.Collect$$_printf_percent$$0000000A)
    _printf_o                                0x0800022d   Thumb Code     0  _printf_o.o(.ARM.Collect$$_printf_percent$$0000000B)
    _printf_x                                0x08000233   Thumb Code     0  _printf_x.o(.ARM.Collect$$_printf_percent$$0000000C)
    _printf_lli                              0x08000239   Thumb Code     0  _printf_lli.o(.ARM.Collect$$_printf_percent$$0000000D)
    _printf_lld                              0x0800023f   Thumb Code     0  _printf_lld.o(.ARM.Collect$$_printf_percent$$0000000E)
    _printf_llu                              0x08000245   Thumb Code     0  _printf_llu.o(.ARM.Collect$$_printf_percent$$0000000F)
    _printf_llo                              0x0800024b   Thumb Code     0  _printf_llo.o(.ARM.Collect$$_printf_percent$$00000010)
    _printf_llx                              0x08000251   Thumb Code     0  _printf_llx.o(.ARM.Collect$$_printf_percent$$00000011)
    _printf_l                                0x08000257   Thumb Code     0  _printf_l.o(.ARM.Collect$$_printf_percent$$00000012)
    _printf_c                                0x08000261   Thumb Code     0  _printf_c.o(.ARM.Collect$$_printf_percent$$00000013)
    _printf_s                                0x08000267   Thumb Code     0  _printf_s.o(.ARM.Collect$$_printf_percent$$00000014)
    _printf_lc                               0x0800026d   Thumb Code     0  _printf_lc.o(.ARM.Collect$$_printf_percent$$00000015)
    _printf_ls                               0x08000273   Thumb Code     0  _printf_ls.o(.ARM.Collect$$_printf_percent$$00000016)
    _printf_percent_end                      0x08000279   Thumb Code     0  _printf_percent_end.o(.ARM.Collect$$_printf_percent$$00000017)
    __rt_lib_init                            0x0800027d   Thumb Code     0  libinit.o(.ARM.Collect$$libinit$$00000000)
    __rt_lib_init_fp_1                       0x0800027f   Thumb Code     0  libinit2.o(.ARM.Collect$$libinit$$00000002)
    __rt_lib_init_heap_1                     0x0800027f   Thumb Code     0  libinit2.o(.ARM.Collect$$libinit$$00000008)
    __rt_lib_init_lc_common                  0x0800027f   Thumb Code     0  libinit2.o(.ARM.Collect$$libinit$$0000000D)
    __rt_lib_init_rand_1                     0x0800027f   Thumb Code     0  libinit2.o(.ARM.Collect$$libinit$$0000000C)
    __rt_lib_init_user_alloc_1               0x0800027f   Thumb Code     0  libinit2.o(.ARM.Collect$$libinit$$0000000A)
    __rt_lib_init_lc_collate_1               0x08000285   Thumb Code     0  libinit2.o(.ARM.Collect$$libinit$$0000000F)
    __rt_lib_init_lc_ctype_2                 0x08000285   Thumb Code     0  libinit2.o(.ARM.Collect$$libinit$$00000010)
    __rt_lib_init_lc_ctype_1                 0x08000291   Thumb Code     0  libinit2.o(.ARM.Collect$$libinit$$00000011)
    __rt_lib_init_lc_monetary_1              0x08000291   Thumb Code     0  libinit2.o(.ARM.Collect$$libinit$$00000013)
    __rt_lib_init_lc_numeric_2               0x08000291   Thumb Code     0  libinit2.o(.ARM.Collect$$libinit$$00000014)
    __rt_lib_init_alloca_1                   0x0800029b   Thumb Code     0  libinit2.o(.ARM.Collect$$libinit$$0000002C)
    __rt_lib_init_argv_1                     0x0800029b   Thumb Code     0  libinit2.o(.ARM.Collect$$libinit$$0000002A)
    __rt_lib_init_atexit_1                   0x0800029b   Thumb Code     0  libinit2.o(.ARM.Collect$$libinit$$00000019)
    __rt_lib_init_clock_1                    0x0800029b   Thumb Code     0  libinit2.o(.ARM.Collect$$libinit$$0000001F)
    __rt_lib_init_cpp_1                      0x0800029b   Thumb Code     0  libinit2.o(.ARM.Collect$$libinit$$00000030)
    __rt_lib_init_exceptions_1               0x0800029b   Thumb Code     0  libinit2.o(.ARM.Collect$$libinit$$0000002E)
    __rt_lib_init_fp_trap_1                  0x0800029b   Thumb Code     0  libinit2.o(.ARM.Collect$$libinit$$0000001D)
    __rt_lib_init_getenv_1                   0x0800029b   Thumb Code     0  libinit2.o(.ARM.Collect$$libinit$$00000021)
    __rt_lib_init_lc_numeric_1               0x0800029b   Thumb Code     0  libinit2.o(.ARM.Collect$$libinit$$00000015)
    __rt_lib_init_lc_time_1                  0x0800029b   Thumb Code     0  libinit2.o(.ARM.Collect$$libinit$$00000017)
    __rt_lib_init_return                     0x0800029b   Thumb Code     0  libinit2.o(.ARM.Collect$$libinit$$00000031)
    __rt_lib_init_signal_1                   0x0800029b   Thumb Code     0  libinit2.o(.ARM.Collect$$libinit$$0000001B)
    __rt_lib_init_stdio_1                    0x0800029b   Thumb Code     0  libinit2.o(.ARM.Collect$$libinit$$00000023)
    __rt_lib_shutdown                        0x0800029d   Thumb Code     0  libshutdown.o(.ARM.Collect$$libshutdown$$00000000)
    __rt_lib_shutdown_fp_trap_1              0x0800029f   Thumb Code     0  libshutdown2.o(.ARM.Collect$$libshutdown$$00000006)
    __rt_lib_shutdown_heap_1                 0x0800029f   Thumb Code     0  libshutdown2.o(.ARM.Collect$$libshutdown$$0000000E)
    __rt_lib_shutdown_return                 0x0800029f   Thumb Code     0  libshutdown2.o(.ARM.Collect$$libshutdown$$0000000F)
    __rt_lib_shutdown_signal_1               0x0800029f   Thumb Code     0  libshutdown2.o(.ARM.Collect$$libshutdown$$00000009)
    __rt_lib_shutdown_stdio_1                0x0800029f   Thumb Code     0  libshutdown2.o(.ARM.Collect$$libshutdown$$00000003)
    __rt_lib_shutdown_user_alloc_1           0x0800029f   Thumb Code     0  libshutdown2.o(.ARM.Collect$$libshutdown$$0000000B)
    __rt_entry                               0x080002a1   Thumb Code     0  rtentry.o(.ARM.Collect$$rtentry$$00000000)
    __rt_entry_presh_1                       0x080002a1   Thumb Code     0  rtentry2.o(.ARM.Collect$$rtentry$$00000002)
    __rt_entry_sh                            0x080002a1   Thumb Code     0  rtentry4.o(.ARM.Collect$$rtentry$$00000004)
    __rt_entry_li                            0x080002a7   Thumb Code     0  rtentry2.o(.ARM.Collect$$rtentry$$0000000A)
    __rt_entry_postsh_1                      0x080002a7   Thumb Code     0  rtentry2.o(.ARM.Collect$$rtentry$$00000009)
    __rt_entry_main                          0x080002ab   Thumb Code     0  rtentry2.o(.ARM.Collect$$rtentry$$0000000D)
    __rt_entry_postli_1                      0x080002ab   Thumb Code     0  rtentry2.o(.ARM.Collect$$rtentry$$0000000C)
    __rt_exit                                0x080002b3   Thumb Code     0  rtexit.o(.ARM.Collect$$rtexit$$00000000)
    __rt_exit_ls                             0x080002b5   Thumb Code     0  rtexit2.o(.ARM.Collect$$rtexit$$00000003)
    __rt_exit_prels_1                        0x080002b5   Thumb Code     0  rtexit2.o(.ARM.Collect$$rtexit$$00000002)
    __rt_exit_exit                           0x080002b9   Thumb Code     0  rtexit2.o(.ARM.Collect$$rtexit$$00000004)
    MUC_Init                                 0x080002c1   Thumb Code   158  main.o(.text)
    main                                     0x0800035f   Thumb Code   514  main.o(.text)
    NMI_Handler                              0x080005b1   Thumb Code     2  stm32f10x_it.o(.text)
    HardFault_Handler                        0x080005b3   Thumb Code     4  stm32f10x_it.o(.text)
    MemManage_Handler                        0x080005b7   Thumb Code     4  stm32f10x_it.o(.text)
    BusFault_Handler                         0x080005bb   Thumb Code     4  stm32f10x_it.o(.text)
    UsageFault_Handler                       0x080005bf   Thumb Code     4  stm32f10x_it.o(.text)
    SVC_Handler                              0x080005c3   Thumb Code     2  stm32f10x_it.o(.text)
    DebugMon_Handler                         0x080005c5   Thumb Code     2  stm32f10x_it.o(.text)
    PendSV_Handler                           0x080005c7   Thumb Code     2  stm32f10x_it.o(.text)
    SysTick_Handler                          0x080005c9   Thumb Code     2  stm32f10x_it.o(.text)
    SystemInit                               0x080006a9   Thumb Code    78  system_stm32f10x.o(.text)
    SystemCoreClockUpdate                    0x080006f7   Thumb Code   142  system_stm32f10x.o(.text)
    Load_BGImage                             0x080007a9   Thumb Code    34  ui.o(.text)
    Show_Iocns                               0x080007cb   Thumb Code   106  ui.o(.text)
    Display_Time                             0x08000835   Thumb Code   238  ui.o(.text)
    Display_Date                             0x08000923   Thumb Code   220  ui.o(.text)
    Icon_Touch_fdback                        0x080009ff   Thumb Code   128  ui.o(.text)
    Load_voice_Ctrl_Pannel                   0x08000a7f   Thumb Code    44  ui.o(.text)
    Dis_Bt_Time_Or_Date                      0x08000b19   Thumb Code   404  setting.o(.text)
    Load_Keyborad                            0x08000cad   Thumb Code   242  setting.o(.text)
    Bt_Feedback                              0x08000d9f   Thumb Code   284  setting.o(.text)
    Bt_Feedback_Cancel                       0x08000ebb   Thumb Code   258  setting.o(.text)
    Is_Date_Exsit                            0x08000fbd   Thumb Code   128  setting.o(.text)
    Touch_Setting_Pannel                     0x0800103d   Thumb Code   264  setting.o(.text)
    Ctrl_Setting_Touch_Handler               0x08001145   Thumb Code  3006  setting.o(.text)
    Fill_Block_Color                         0x08001d15   Thumb Code    86  remote.o(.text)
    Ctrl_Pannel_Touch_FdBack                 0x08001d6b   Thumb Code    90  remote.o(.text)
    Ctrl_Pannel_Touch_Release_FdBack         0x08001dc5   Thumb Code    90  remote.o(.text)
    Reset_Txdatabuf                          0x08001e1f   Thumb Code    22  remote.o(.text)
    refresh                                  0x08001e35   Thumb Code   720  remote.o(.text)
    Load_Ctrl_Pannel                         0x08002105   Thumb Code   710  remote.o(.text)
    Ctrl_Pannel_Touch_Handler                0x080023cb   Thumb Code  3962  remote.o(.text)
    NetworkChooseBtTouchFdback               0x08003351   Thumb Code    56  network.o(.text)
    NetworkChooseBtTouchFdbackRelease        0x08003389   Thumb Code    90  network.o(.text)
    LoadNetworkChooseBt                      0x080033e3   Thumb Code    82  network.o(.text)
    TouchNetworkChooseBt                     0x08003435   Thumb Code    86  network.o(.text)
    ChooseNetwork                            0x0800348b   Thumb Code    54  network.o(.text)
    KEY_Init                                 0x080034d5   Thumb Code    34  key.o(.text)
    getKeyValue                              0x080034f7   Thumb Code    34  key.o(.text)
    KEY_Scan                                 0x08003519   Thumb Code   282  key.o(.text)
    RTC_Get_Week                             0x08003665   Thumb Code   116  rtc.o(.text)
    Is_Leap_Year                             0x080036d9   Thumb Code    58  rtc.o(.text)
    RTC_Get                                  0x08003713   Thumb Code   246  rtc.o(.text)
    RTC_Set                                  0x08003809   Thumb Code   184  rtc.o(.text)
    RTC_Init                                 0x080038c1   Thumb Code   190  rtc.o(.text)
    RTC_IRQHandler                           0x0800397f   Thumb Code    40  rtc.o(.text)
    LCD_WriteReg                             0x080039c9   Thumb Code    82  lcdlib.o(.text)
    LCD_WriteData                            0x08003a1b   Thumb Code    82  lcdlib.o(.text)
    LCD_Delayms                              0x08003a6d   Thumb Code    28  lcdlib.o(.text)
    LCD_PortInit                             0x08003a89   Thumb Code    28  lcdlib.o(.text)
    LCD_Reset                                0x08003aa5   Thumb Code    28  lcdlib.o(.text)
    LCD_Init                                 0x08003ac1   Thumb Code   526  lcdlib.o(.text)
    LCD_OpenWin                              0x08003ccf   Thumb Code    70  lcdlib.o(.text)
    LCD_ClrScr                               0x08003d15   Thumb Code    48  lcdlib.o(.text)
    LCD_DisASquare                           0x08003d45   Thumb Code    78  lcdlib.o(.text)
    LCD_DisAPoint                            0x08003d93   Thumb Code    22  lcdlib.o(.text)
    LCD_DisARectangular                      0x08003da9   Thumb Code    78  lcdlib.o(.text)
    LCD_DisALine                             0x08003df7   Thumb Code    62  lcdlib.o(.text)
    LCD_DisABorder                           0x08003e35   Thumb Code    86  lcdlib.o(.text)
    LCD_DisALoop                             0x08003e8b   Thumb Code   182  lcdlib.o(.text)
    LCD_DisGB2312String16x16                 0x08003f41   Thumb Code   198  lcdlib.o(.text)
    LCD_DisGB2312String32x32                 0x08004007   Thumb Code   198  lcdlib.o(.text)
    LCD_DisAPhoto                            0x080040cd   Thumb Code    80  lcdlib.o(.text)
    bgColor                                  0x0800411d   Thumb Code    32  lcdlib.o(.text)
    LCD_DisASCString                         0x0800413d   Thumb Code  1102  lcdlib.o(.text)
    LCD_DisGB2312String                      0x0800458b   Thumb Code   546  lcdlib.o(.text)
    LCD_ClrARectangular                      0x080047ad   Thumb Code    80  lcdlib.o(.text)
    LCD_DisACircle                           0x080047fd   Thumb Code    40  lcdlib.o(.text)
    LCD_DisAIcon                             0x08004825   Thumb Code   148  lcdlib.o(.text)
    LCD_DisLines                             0x080048b9   Thumb Code    68  lcdlib.o(.text)
    LCD_DisAWideBorder                       0x080048fd   Thumb Code    72  lcdlib.o(.text)
    LCD_DisAIconWithBGC                      0x08004945   Thumb Code    98  lcdlib.o(.text)
    LCD_DisAIconWithoutBGC                   0x080049a7   Thumb Code   134  lcdlib.o(.text)
    Show_Ch_Message_Centre                   0x08004a2d   Thumb Code    52  lcdlib.o(.text)
    ShowEn_Message_Centre                    0x08004a61   Thumb Code    60  lcdlib.o(.text)
    Driver_MCU_Init                          0x08004aa1   Thumb Code    36  driver.o(.text)
    Driver_LcdBacklight                      0x08004ac5   Thumb Code    66  driver.o(.text)
    Driver_LcdReset                          0x08004b07   Thumb Code    72  driver.o(.text)
    Driver_LcdCS                             0x08004b4f   Thumb Code    72  driver.o(.text)
    Driver_LcdRS                             0x08004b97   Thumb Code    72  driver.o(.text)
    Driver_LcdRD                             0x08004bdf   Thumb Code    66  driver.o(.text)
    Driver_LcdWR                             0x08004c21   Thumb Code    72  driver.o(.text)
    Driver_LcdSendData                       0x08004c69   Thumb Code    76  driver.o(.text)
    Driver_SPICS                             0x08004cb5   Thumb Code     2  driver.o(.text)
    Driver_SPIMISO                           0x08004cb7   Thumb Code    56  driver.o(.text)
    Driver_SPIMOSI                           0x08004cef   Thumb Code    72  driver.o(.text)
    Driver_SPISCK                            0x08004d37   Thumb Code    66  driver.o(.text)
    TOUCH_init                               0x08004dad   Thumb Code    42  touch.o(.text)
    Touch_SPIWrite                           0x08004dd7   Thumb Code    72  touch.o(.text)
    Touch_SPIRead                            0x08004e1f   Thumb Code    62  touch.o(.text)
    Touch_GetVal                             0x08004e5d   Thumb Code    90  touch.o(.text)
    Touch_GetSite                            0x08004eb7   Thumb Code   454  touch.o(.text)
    Touch_Icons                              0x0800507d   Thumb Code   122  touch.o(.text)
    Touch_Ctrl_Pannel                        0x080050f7   Thumb Code   120  touch.o(.text)
    TOUCH_Scan                               0x0800516f   Thumb Code   154  touch.o(.text)
    TIM3_Int_Init                            0x08005211   Thumb Code    90  timer.o(.text)
    TIM3_IRQHandler                          0x0800526b   Thumb Code    42  timer.o(.text)
    TIM4_Set                                 0x080052a1   Thumb Code    34  usart2.o(.text)
    USART2_IRQHandler                        0x080052c3   Thumb Code   100  usart2.o(.text)
    TIM4_Init                                0x08005327   Thumb Code    82  usart2.o(.text)
    UART_DMA_Config                          0x08005379   Thumb Code    72  usart2.o(.text)
    USART2_Init                              0x080053c1   Thumb Code   204  usart2.o(.text)
    UART_DMA_Enable                          0x0800548d   Thumb Code    32  usart2.o(.text)
    u2_printf                                0x080054ad   Thumb Code    50  usart2.o(.text)
    u2_unm_printf                            0x080054df   Thumb Code    44  usart2.o(.text)
    TIM4_IRQHandler                          0x0800550b   Thumb Code    40  usart2.o(.text)
    sim_at_response                          0x08005555   Thumb Code    60  sim900a.o(.text)
    sim_gsm_response                         0x08005591   Thumb Code    56  sim900a.o(.text)
    sim900a_check_cmd                        0x080055c9   Thumb Code    44  sim900a.o(.text)
    sim900a_send_cmd                         0x080055f5   Thumb Code   104  sim900a.o(.text)
    sim900a_send1_cmd                        0x0800565d   Thumb Code   104  sim900a.o(.text)
    sim900a_chr2hex                          0x080056c5   Thumb Code    54  sim900a.o(.text)
    sim900a_gsm_get                          0x080056fb   Thumb Code   130  sim900a.o(.text)
    sim900a_hex2chr                          0x0800577d   Thumb Code    34  sim900a.o(.text)
    xToChar                                  0x0800579f   Thumb Code    58  sim900a.o(.text)
    SetNull                                  0x080057d9   Thumb Code    22  sim900a.o(.text)
    sim900a_gprs_init                        0x080057ef   Thumb Code   200  sim900a.o(.text)
    sim900a_send_data                        0x080058b7   Thumb Code   532  sim900a.o(.text)
    sim900a_get_data                         0x08005acb   Thumb Code   222  sim900a.o(.text)
    sim900a_send_ctrl                        0x08005ba9   Thumb Code   210  sim900a.o(.text)
    sim900a_set_time                         0x08005c7b   Thumb Code   204  sim900a.o(.text)
    sim900a_test                             0x08005d47   Thumb Code   174  sim900a.o(.text)
    Voice_Ctrl                               0x08006337   Thumb Code   606  ld3320.o(.text)
    EXTI2_IRQHandler                         0x08006641   Thumb Code    34  ld3320.o(.text)
    LD3320_init                              0x08006967   Thumb Code    20  ld3320.o(.text)
    delay_init                               0x08006989   Thumb Code    50  delay.o(.text)
    delay_us                                 0x080069bb   Thumb Code    70  delay.o(.text)
    delay_ms                                 0x08006a01   Thumb Code    70  delay.o(.text)
    NVIC_Configuration                       0x08006a59   Thumb Code    12  sys.o(.text)
    _sys_exit                                0x08006a65   Thumb Code     6  usart.o(.text)
    fputc                                    0x08006a6b   Thumb Code    22  usart.o(.text)
    uart_init                                0x08006a81   Thumb Code   158  usart.o(.text)
    USART1_IRQHandler                        0x08006b1f   Thumb Code   122  usart.o(.text)
    Reset_Handler                            0x08006ba9   Thumb Code     8  startup_stm32f10x_hd.o(.text)
    ADC1_2_IRQHandler                        0x08006bc3   Thumb Code     0  startup_stm32f10x_hd.o(.text)
    ADC3_IRQHandler                          0x08006bc3   Thumb Code     0  startup_stm32f10x_hd.o(.text)
    CAN1_RX1_IRQHandler                      0x08006bc3   Thumb Code     0  startup_stm32f10x_hd.o(.text)
    CAN1_SCE_IRQHandler                      0x08006bc3   Thumb Code     0  startup_stm32f10x_hd.o(.text)
    DMA1_Channel1_IRQHandler                 0x08006bc3   Thumb Code     0  startup_stm32f10x_hd.o(.text)
    DMA1_Channel2_IRQHandler                 0x08006bc3   Thumb Code     0  startup_stm32f10x_hd.o(.text)
    DMA1_Channel3_IRQHandler                 0x08006bc3   Thumb Code     0  startup_stm32f10x_hd.o(.text)
    DMA1_Channel4_IRQHandler                 0x08006bc3   Thumb Code     0  startup_stm32f10x_hd.o(.text)
    DMA1_Channel5_IRQHandler                 0x08006bc3   Thumb Code     0  startup_stm32f10x_hd.o(.text)
    DMA1_Channel6_IRQHandler                 0x08006bc3   Thumb Code     0  startup_stm32f10x_hd.o(.text)
    DMA1_Channel7_IRQHandler                 0x08006bc3   Thumb Code     0  startup_stm32f10x_hd.o(.text)
    DMA2_Channel1_IRQHandler                 0x08006bc3   Thumb Code     0  startup_stm32f10x_hd.o(.text)
    DMA2_Channel2_IRQHandler                 0x08006bc3   Thumb Code     0  startup_stm32f10x_hd.o(.text)
    DMA2_Channel3_IRQHandler                 0x08006bc3   Thumb Code     0  startup_stm32f10x_hd.o(.text)
    DMA2_Channel4_5_IRQHandler               0x08006bc3   Thumb Code     0  startup_stm32f10x_hd.o(.text)
    EXTI0_IRQHandler                         0x08006bc3   Thumb Code     0  startup_stm32f10x_hd.o(.text)
    EXTI15_10_IRQHandler                     0x08006bc3   Thumb Code     0  startup_stm32f10x_hd.o(.text)
    EXTI1_IRQHandler                         0x08006bc3   Thumb Code     0  startup_stm32f10x_hd.o(.text)
    EXTI3_IRQHandler                         0x08006bc3   Thumb Code     0  startup_stm32f10x_hd.o(.text)
    EXTI4_IRQHandler                         0x08006bc3   Thumb Code     0  startup_stm32f10x_hd.o(.text)
    EXTI9_5_IRQHandler                       0x08006bc3   Thumb Code     0  startup_stm32f10x_hd.o(.text)
    FLASH_IRQHandler                         0x08006bc3   Thumb Code     0  startup_stm32f10x_hd.o(.text)
    FSMC_IRQHandler                          0x08006bc3   Thumb Code     0  startup_stm32f10x_hd.o(.text)
    I2C1_ER_IRQHandler                       0x08006bc3   Thumb Code     0  startup_stm32f10x_hd.o(.text)
    I2C1_EV_IRQHandler                       0x08006bc3   Thumb Code     0  startup_stm32f10x_hd.o(.text)
    I2C2_ER_IRQHandler                       0x08006bc3   Thumb Code     0  startup_stm32f10x_hd.o(.text)
    I2C2_EV_IRQHandler                       0x08006bc3   Thumb Code     0  startup_stm32f10x_hd.o(.text)
    PVD_IRQHandler                           0x08006bc3   Thumb Code     0  startup_stm32f10x_hd.o(.text)
    RCC_IRQHandler                           0x08006bc3   Thumb Code     0  startup_stm32f10x_hd.o(.text)
    RTCAlarm_IRQHandler                      0x08006bc3   Thumb Code     0  startup_stm32f10x_hd.o(.text)
    SDIO_IRQHandler                          0x08006bc3   Thumb Code     0  startup_stm32f10x_hd.o(.text)
    SPI1_IRQHandler                          0x08006bc3   Thumb Code     0  startup_stm32f10x_hd.o(.text)
    SPI2_IRQHandler                          0x08006bc3   Thumb Code     0  startup_stm32f10x_hd.o(.text)
    SPI3_IRQHandler                          0x08006bc3   Thumb Code     0  startup_stm32f10x_hd.o(.text)
    TAMPER_IRQHandler                        0x08006bc3   Thumb Code     0  startup_stm32f10x_hd.o(.text)
    TIM1_BRK_IRQHandler                      0x08006bc3   Thumb Code     0  startup_stm32f10x_hd.o(.text)
    TIM1_CC_IRQHandler                       0x08006bc3   Thumb Code     0  startup_stm32f10x_hd.o(.text)
    TIM1_TRG_COM_IRQHandler                  0x08006bc3   Thumb Code     0  startup_stm32f10x_hd.o(.text)
    TIM1_UP_IRQHandler                       0x08006bc3   Thumb Code     0  startup_stm32f10x_hd.o(.text)
    TIM2_IRQHandler                          0x08006bc3   Thumb Code     0  startup_stm32f10x_hd.o(.text)
    TIM5_IRQHandler                          0x08006bc3   Thumb Code     0  startup_stm32f10x_hd.o(.text)
    TIM6_IRQHandler                          0x08006bc3   Thumb Code     0  startup_stm32f10x_hd.o(.text)
    TIM7_IRQHandler                          0x08006bc3   Thumb Code     0  startup_stm32f10x_hd.o(.text)
    TIM8_BRK_IRQHandler                      0x08006bc3   Thumb Code     0  startup_stm32f10x_hd.o(.text)
    TIM8_CC_IRQHandler                       0x08006bc3   Thumb Code     0  startup_stm32f10x_hd.o(.text)
    TIM8_TRG_COM_IRQHandler                  0x08006bc3   Thumb Code     0  startup_stm32f10x_hd.o(.text)
    TIM8_UP_IRQHandler                       0x08006bc3   Thumb Code     0  startup_stm32f10x_hd.o(.text)
    UART4_IRQHandler                         0x08006bc3   Thumb Code     0  startup_stm32f10x_hd.o(.text)
    UART5_IRQHandler                         0x08006bc3   Thumb Code     0  startup_stm32f10x_hd.o(.text)
    USART3_IRQHandler                        0x08006bc3   Thumb Code     0  startup_stm32f10x_hd.o(.text)
    USBWakeUp_IRQHandler                     0x08006bc3   Thumb Code     0  startup_stm32f10x_hd.o(.text)
    USB_HP_CAN1_TX_IRQHandler                0x08006bc3   Thumb Code     0  startup_stm32f10x_hd.o(.text)
    USB_LP_CAN1_RX0_IRQHandler               0x08006bc3   Thumb Code     0  startup_stm32f10x_hd.o(.text)
    WWDG_IRQHandler                          0x08006bc3   Thumb Code     0  startup_stm32f10x_hd.o(.text)
    __user_initial_stackheap                 0x08006bc5   Thumb Code     0  startup_stm32f10x_hd.o(.text)
    NVIC_PriorityGroupConfig                 0x08006be9   Thumb Code    10  misc.o(.text)
    NVIC_Init                                0x08006bf3   Thumb Code   102  misc.o(.text)
    NVIC_SetVectorTable                      0x08006c59   Thumb Code    14  misc.o(.text)
    NVIC_SystemLPConfig                      0x08006c67   Thumb Code    34  misc.o(.text)
    SysTick_CLKSourceConfig                  0x08006c89   Thumb Code    40  misc.o(.text)
    BKP_DeInit                               0x08006cc5   Thumb Code    16  stm32f10x_bkp.o(.text)
    BKP_TamperPinLevelConfig                 0x08006cd5   Thumb Code     6  stm32f10x_bkp.o(.text)
    BKP_TamperPinCmd                         0x08006cdb   Thumb Code     8  stm32f10x_bkp.o(.text)
    BKP_ITConfig                             0x08006ce3   Thumb Code     8  stm32f10x_bkp.o(.text)
    BKP_RTCOutputConfig                      0x08006ceb   Thumb Code    22  stm32f10x_bkp.o(.text)
    BKP_SetRTCCalibrationValue               0x08006d01   Thumb Code    22  stm32f10x_bkp.o(.text)
    BKP_WriteBackupRegister                  0x08006d17   Thumb Code    24  stm32f10x_bkp.o(.text)
    BKP_ReadBackupRegister                   0x08006d2f   Thumb Code    26  stm32f10x_bkp.o(.text)
    BKP_GetFlagStatus                        0x08006d49   Thumb Code    10  stm32f10x_bkp.o(.text)
    BKP_ClearFlag                            0x08006d53   Thumb Code    18  stm32f10x_bkp.o(.text)
    BKP_GetITStatus                          0x08006d65   Thumb Code    10  stm32f10x_bkp.o(.text)
    BKP_ClearITPendingBit                    0x08006d6f   Thumb Code    18  stm32f10x_bkp.o(.text)
    GPIO_DeInit                              0x08006d89   Thumb Code   172  stm32f10x_gpio.o(.text)
    GPIO_AFIODeInit                          0x08006e35   Thumb Code    20  stm32f10x_gpio.o(.text)
    GPIO_Init                                0x08006e49   Thumb Code   274  stm32f10x_gpio.o(.text)
    GPIO_StructInit                          0x08006f5b   Thumb Code    16  stm32f10x_gpio.o(.text)
    GPIO_ReadInputDataBit                    0x08006f6b   Thumb Code    18  stm32f10x_gpio.o(.text)
    GPIO_ReadInputData                       0x08006f7d   Thumb Code     8  stm32f10x_gpio.o(.text)
    GPIO_ReadOutputDataBit                   0x08006f85   Thumb Code    18  stm32f10x_gpio.o(.text)
    GPIO_ReadOutputData                      0x08006f97   Thumb Code     8  stm32f10x_gpio.o(.text)
    GPIO_SetBits                             0x08006f9f   Thumb Code     4  stm32f10x_gpio.o(.text)
    GPIO_ResetBits                           0x08006fa3   Thumb Code     4  stm32f10x_gpio.o(.text)
    GPIO_WriteBit                            0x08006fa7   Thumb Code    10  stm32f10x_gpio.o(.text)
    GPIO_Write                               0x08006fb1   Thumb Code     4  stm32f10x_gpio.o(.text)
    GPIO_PinLockConfig                       0x08006fb5   Thumb Code    18  stm32f10x_gpio.o(.text)
    GPIO_EventOutputConfig                   0x08006fc7   Thumb Code    26  stm32f10x_gpio.o(.text)
    GPIO_EventOutputCmd                      0x08006fe1   Thumb Code     6  stm32f10x_gpio.o(.text)
    GPIO_PinRemapConfig                      0x08006fe7   Thumb Code   138  stm32f10x_gpio.o(.text)
    GPIO_EXTILineConfig                      0x08007071   Thumb Code    66  stm32f10x_gpio.o(.text)
    GPIO_ETH_MediaInterfaceConfig            0x080070b3   Thumb Code     6  stm32f10x_gpio.o(.text)
    PWR_DeInit                               0x080070e1   Thumb Code    22  stm32f10x_pwr.o(.text)
    PWR_BackupAccessCmd                      0x080070f7   Thumb Code     6  stm32f10x_pwr.o(.text)
    PWR_PVDCmd                               0x080070fd   Thumb Code     6  stm32f10x_pwr.o(.text)
    PWR_PVDLevelConfig                       0x08007103   Thumb Code    18  stm32f10x_pwr.o(.text)
    PWR_WakeUpPinCmd                         0x08007115   Thumb Code     6  stm32f10x_pwr.o(.text)
    PWR_EnterSTOPMode                        0x0800711b   Thumb Code    54  stm32f10x_pwr.o(.text)
    PWR_EnterSTANDBYMode                     0x08007151   Thumb Code    42  stm32f10x_pwr.o(.text)
    PWR_GetFlagStatus                        0x0800717b   Thumb Code    20  stm32f10x_pwr.o(.text)
    PWR_ClearFlag                            0x0800718f   Thumb Code    14  stm32f10x_pwr.o(.text)
    RCC_DeInit                               0x080071ad   Thumb Code    64  stm32f10x_rcc.o(.text)
    RCC_HSEConfig                            0x080071ed   Thumb Code    70  stm32f10x_rcc.o(.text)
    RCC_GetFlagStatus                        0x08007233   Thumb Code    56  stm32f10x_rcc.o(.text)
    RCC_WaitForHSEStartUp                    0x0800726b   Thumb Code    56  stm32f10x_rcc.o(.text)
    RCC_AdjustHSICalibrationValue            0x080072a3   Thumb Code    20  stm32f10x_rcc.o(.text)
    RCC_HSICmd                               0x080072b7   Thumb Code     6  stm32f10x_rcc.o(.text)
    RCC_PLLConfig                            0x080072bd   Thumb Code    24  stm32f10x_rcc.o(.text)
    RCC_PLLCmd                               0x080072d5   Thumb Code     6  stm32f10x_rcc.o(.text)
    RCC_SYSCLKConfig                         0x080072db   Thumb Code    18  stm32f10x_rcc.o(.text)
    RCC_GetSYSCLKSource                      0x080072ed   Thumb Code    10  stm32f10x_rcc.o(.text)
    RCC_HCLKConfig                           0x080072f7   Thumb Code    18  stm32f10x_rcc.o(.text)
    RCC_PCLK1Config                          0x08007309   Thumb Code    18  stm32f10x_rcc.o(.text)
    RCC_PCLK2Config                          0x0800731b   Thumb Code    20  stm32f10x_rcc.o(.text)
    RCC_ITConfig                             0x0800732f   Thumb Code    26  stm32f10x_rcc.o(.text)
    RCC_USBCLKConfig                         0x08007349   Thumb Code     6  stm32f10x_rcc.o(.text)
    RCC_ADCCLKConfig                         0x0800734f   Thumb Code    18  stm32f10x_rcc.o(.text)
    RCC_LSEConfig                            0x08007361   Thumb Code    44  stm32f10x_rcc.o(.text)
    RCC_LSICmd                               0x0800738d   Thumb Code     6  stm32f10x_rcc.o(.text)
    RCC_RTCCLKConfig                         0x08007393   Thumb Code    12  stm32f10x_rcc.o(.text)
    RCC_RTCCLKCmd                            0x0800739f   Thumb Code     8  stm32f10x_rcc.o(.text)
    RCC_GetClocksFreq                        0x080073a7   Thumb Code   192  stm32f10x_rcc.o(.text)
    RCC_AHBPeriphClockCmd                    0x08007467   Thumb Code    26  stm32f10x_rcc.o(.text)
    RCC_APB2PeriphClockCmd                   0x08007481   Thumb Code    26  stm32f10x_rcc.o(.text)
    RCC_APB1PeriphClockCmd                   0x0800749b   Thumb Code    26  stm32f10x_rcc.o(.text)
    RCC_APB2PeriphResetCmd                   0x080074b5   Thumb Code    26  stm32f10x_rcc.o(.text)
    RCC_APB1PeriphResetCmd                   0x080074cf   Thumb Code    26  stm32f10x_rcc.o(.text)
    RCC_BackupResetCmd                       0x080074e9   Thumb Code     8  stm32f10x_rcc.o(.text)
    RCC_ClockSecuritySystemCmd               0x080074f1   Thumb Code     6  stm32f10x_rcc.o(.text)
    RCC_MCOConfig                            0x080074f7   Thumb Code     6  stm32f10x_rcc.o(.text)
    RCC_ClearFlag                            0x080074fd   Thumb Code    14  stm32f10x_rcc.o(.text)
    RCC_GetITStatus                          0x0800750b   Thumb Code    20  stm32f10x_rcc.o(.text)
    RCC_ClearITPendingBit                    0x0800751f   Thumb Code     6  stm32f10x_rcc.o(.text)
    RTC_ITConfig                             0x08007551   Thumb Code    26  stm32f10x_rtc.o(.text)
    RTC_EnterConfigMode                      0x0800756b   Thumb Code    18  stm32f10x_rtc.o(.text)
    RTC_ExitConfigMode                       0x0800757d   Thumb Code    20  stm32f10x_rtc.o(.text)
    RTC_GetCounter                           0x08007591   Thumb Code    18  stm32f10x_rtc.o(.text)
    RTC_SetCounter                           0x080075a3   Thumb Code    26  stm32f10x_rtc.o(.text)
    RTC_SetPrescaler                         0x080075bd   Thumb Code    28  stm32f10x_rtc.o(.text)
    RTC_SetAlarm                             0x080075d9   Thumb Code    26  stm32f10x_rtc.o(.text)
    RTC_GetDivider                           0x080075f3   Thumb Code    22  stm32f10x_rtc.o(.text)
    RTC_WaitForLastTask                      0x08007609   Thumb Code    16  stm32f10x_rtc.o(.text)
    RTC_WaitForSynchro                       0x08007619   Thumb Code    34  stm32f10x_rtc.o(.text)
    RTC_GetFlagStatus                        0x0800763b   Thumb Code    22  stm32f10x_rtc.o(.text)
    RTC_ClearFlag                            0x08007651   Thumb Code    16  stm32f10x_rtc.o(.text)
    RTC_GetITStatus                          0x08007661   Thumb Code    32  stm32f10x_rtc.o(.text)
    RTC_ClearITPendingBit                    0x08007681   Thumb Code    16  stm32f10x_rtc.o(.text)
    TIM_DeInit                               0x08007695   Thumb Code   424  stm32f10x_tim.o(.text)
    TIM_TimeBaseInit                         0x0800783d   Thumb Code   122  stm32f10x_tim.o(.text)
    TIM_OC1Init                              0x080078b7   Thumb Code   132  stm32f10x_tim.o(.text)
    TIM_OC2Init                              0x0800793b   Thumb Code   154  stm32f10x_tim.o(.text)
    TIM_OC3Init                              0x080079d5   Thumb Code   150  stm32f10x_tim.o(.text)
    TIM_OC4Init                              0x08007a6b   Thumb Code   182  stm32f10x_tim.o(.text)
    TIM_SetIC4Prescaler                      0x08007b21   Thumb Code    26  stm32f10x_tim.o(.text)
    TIM_SetIC3Prescaler                      0x08007bbd   Thumb Code    18  stm32f10x_tim.o(.text)
    TIM_SetIC2Prescaler                      0x08007c49   Thumb Code    26  stm32f10x_tim.o(.text)
    TIM_SetIC1Prescaler                      0x08007ce5   Thumb Code    18  stm32f10x_tim.o(.text)
    TIM_ICInit                               0x08007d63   Thumb Code   150  stm32f10x_tim.o(.text)
    TIM_PWMIConfig                           0x08007df9   Thumb Code   124  stm32f10x_tim.o(.text)
    TIM_BDTRConfig                           0x08007e75   Thumb Code    32  stm32f10x_tim.o(.text)
    TIM_TimeBaseStructInit                   0x08007e95   Thumb Code    18  stm32f10x_tim.o(.text)
    TIM_OCStructInit                         0x08007ea7   Thumb Code    20  stm32f10x_tim.o(.text)
    TIM_ICStructInit                         0x08007ebb   Thumb Code    18  stm32f10x_tim.o(.text)
    TIM_BDTRStructInit                       0x08007ecd   Thumb Code    40  stm32f10x_tim.o(.text)
    TIM_Cmd                                  0x08007ef5   Thumb Code    24  stm32f10x_tim.o(.text)
    TIM_CtrlPWMOutputs                       0x08007f0d   Thumb Code    30  stm32f10x_tim.o(.text)
    TIM_ITConfig                             0x08007f2b   Thumb Code    18  stm32f10x_tim.o(.text)
    TIM_GenerateEvent                        0x08007f3d   Thumb Code     4  stm32f10x_tim.o(.text)
    TIM_DMAConfig                            0x08007f41   Thumb Code    10  stm32f10x_tim.o(.text)
    TIM_DMACmd                               0x08007f4b   Thumb Code    18  stm32f10x_tim.o(.text)
    TIM_InternalClockConfig                  0x08007f5d   Thumb Code    12  stm32f10x_tim.o(.text)
    TIM_SelectInputTrigger                   0x08007f69   Thumb Code    18  stm32f10x_tim.o(.text)
    TIM_ITRxExternalClockConfig              0x08007f7b   Thumb Code    24  stm32f10x_tim.o(.text)
    TIM_TIxExternalClockConfig               0x08007f93   Thumb Code    62  stm32f10x_tim.o(.text)
    TIM_ETRConfig                            0x08007fd1   Thumb Code    28  stm32f10x_tim.o(.text)
    TIM_ETRClockMode1Config                  0x08007fed   Thumb Code    54  stm32f10x_tim.o(.text)
    TIM_ETRClockMode2Config                  0x08008023   Thumb Code    32  stm32f10x_tim.o(.text)
    TIM_PrescalerConfig                      0x08008043   Thumb Code     6  stm32f10x_tim.o(.text)
    TIM_CounterModeConfig                    0x08008049   Thumb Code    18  stm32f10x_tim.o(.text)
    TIM_EncoderInterfaceConfig               0x0800805b   Thumb Code    66  stm32f10x_tim.o(.text)
    TIM_ForcedOC1Config                      0x0800809d   Thumb Code    18  stm32f10x_tim.o(.text)
    TIM_ForcedOC2Config                      0x080080af   Thumb Code    26  stm32f10x_tim.o(.text)
    TIM_ForcedOC3Config                      0x080080c9   Thumb Code    18  stm32f10x_tim.o(.text)
    TIM_ForcedOC4Config                      0x080080db   Thumb Code    26  stm32f10x_tim.o(.text)
    TIM_ARRPreloadConfig                     0x080080f5   Thumb Code    24  stm32f10x_tim.o(.text)
    TIM_SelectCOM                            0x0800810d   Thumb Code    24  stm32f10x_tim.o(.text)
    TIM_SelectCCDMA                          0x08008125   Thumb Code    24  stm32f10x_tim.o(.text)
    TIM_CCPreloadControl                     0x0800813d   Thumb Code    24  stm32f10x_tim.o(.text)
    TIM_OC1PreloadConfig                     0x08008155   Thumb Code    18  stm32f10x_tim.o(.text)
    TIM_OC2PreloadConfig                     0x08008167   Thumb Code    26  stm32f10x_tim.o(.text)
    TIM_OC3PreloadConfig                     0x08008181   Thumb Code    18  stm32f10x_tim.o(.text)
    TIM_OC4PreloadConfig                     0x08008193   Thumb Code    26  stm32f10x_tim.o(.text)
    TIM_OC1FastConfig                        0x080081ad   Thumb Code    18  stm32f10x_tim.o(.text)
    TIM_OC2FastConfig                        0x080081bf   Thumb Code    26  stm32f10x_tim.o(.text)
    TIM_OC3FastConfig                        0x080081d9   Thumb Code    18  stm32f10x_tim.o(.text)
    TIM_OC4FastConfig                        0x080081eb   Thumb Code    26  stm32f10x_tim.o(.text)
    TIM_ClearOC1Ref                          0x08008205   Thumb Code    18  stm32f10x_tim.o(.text)
    TIM_ClearOC2Ref                          0x08008217   Thumb Code    24  stm32f10x_tim.o(.text)
    TIM_ClearOC3Ref                          0x0800822f   Thumb Code    18  stm32f10x_tim.o(.text)
    TIM_ClearOC4Ref                          0x08008241   Thumb Code    24  stm32f10x_tim.o(.text)
    TIM_OC1PolarityConfig                    0x08008259   Thumb Code    18  stm32f10x_tim.o(.text)
    TIM_OC1NPolarityConfig                   0x0800826b   Thumb Code    18  stm32f10x_tim.o(.text)
    TIM_OC2PolarityConfig                    0x0800827d   Thumb Code    26  stm32f10x_tim.o(.text)
    TIM_OC2NPolarityConfig                   0x08008297   Thumb Code    26  stm32f10x_tim.o(.text)
    TIM_OC3PolarityConfig                    0x080082b1   Thumb Code    26  stm32f10x_tim.o(.text)
    TIM_OC3NPolarityConfig                   0x080082cb   Thumb Code    26  stm32f10x_tim.o(.text)
    TIM_OC4PolarityConfig                    0x080082e5   Thumb Code    26  stm32f10x_tim.o(.text)
    TIM_CCxCmd                               0x080082ff   Thumb Code    30  stm32f10x_tim.o(.text)
    TIM_CCxNCmd                              0x0800831d   Thumb Code    30  stm32f10x_tim.o(.text)
    TIM_SelectOCxM                           0x0800833b   Thumb Code    82  stm32f10x_tim.o(.text)
    TIM_UpdateDisableConfig                  0x0800838d   Thumb Code    24  stm32f10x_tim.o(.text)
    TIM_UpdateRequestConfig                  0x080083a5   Thumb Code    24  stm32f10x_tim.o(.text)
    TIM_SelectHallSensor                     0x080083bd   Thumb Code    24  stm32f10x_tim.o(.text)
    TIM_SelectOnePulseMode                   0x080083d5   Thumb Code    18  stm32f10x_tim.o(.text)
    TIM_SelectOutputTrigger                  0x080083e7   Thumb Code    18  stm32f10x_tim.o(.text)
    TIM_SelectSlaveMode                      0x080083f9   Thumb Code    18  stm32f10x_tim.o(.text)
    TIM_SelectMasterSlaveMode                0x0800840b   Thumb Code    18  stm32f10x_tim.o(.text)
    TIM_SetCounter                           0x0800841d   Thumb Code     4  stm32f10x_tim.o(.text)
    TIM_SetAutoreload                        0x08008421   Thumb Code     4  stm32f10x_tim.o(.text)
    TIM_SetCompare1                          0x08008425   Thumb Code     4  stm32f10x_tim.o(.text)
    TIM_SetCompare2                          0x08008429   Thumb Code     4  stm32f10x_tim.o(.text)
    TIM_SetCompare3                          0x0800842d   Thumb Code     4  stm32f10x_tim.o(.text)
    TIM_SetCompare4                          0x08008431   Thumb Code     6  stm32f10x_tim.o(.text)
    TIM_SetClockDivision                     0x08008437   Thumb Code    18  stm32f10x_tim.o(.text)
    TIM_GetCapture1                          0x08008449   Thumb Code     6  stm32f10x_tim.o(.text)
    TIM_GetCapture2                          0x0800844f   Thumb Code     6  stm32f10x_tim.o(.text)
    TIM_GetCapture3                          0x08008455   Thumb Code     6  stm32f10x_tim.o(.text)
    TIM_GetCapture4                          0x0800845b   Thumb Code     8  stm32f10x_tim.o(.text)
    TIM_GetCounter                           0x08008463   Thumb Code     6  stm32f10x_tim.o(.text)
    TIM_GetPrescaler                         0x08008469   Thumb Code     6  stm32f10x_tim.o(.text)
    TIM_GetFlagStatus                        0x0800846f   Thumb Code    18  stm32f10x_tim.o(.text)
    TIM_ClearFlag                            0x08008481   Thumb Code     6  stm32f10x_tim.o(.text)
    TIM_GetITStatus                          0x08008487   Thumb Code    34  stm32f10x_tim.o(.text)
    TIM_ClearITPendingBit                    0x080084a9   Thumb Code     6  stm32f10x_tim.o(.text)
    USART_DeInit                             0x080084b1   Thumb Code   134  stm32f10x_usart.o(.text)
    USART_Init                               0x08008537   Thumb Code   210  stm32f10x_usart.o(.text)
    USART_StructInit                         0x08008609   Thumb Code    24  stm32f10x_usart.o(.text)
    USART_ClockInit                          0x08008621   Thumb Code    34  stm32f10x_usart.o(.text)
    USART_ClockStructInit                    0x08008643   Thumb Code    12  stm32f10x_usart.o(.text)
    USART_Cmd                                0x0800864f   Thumb Code    24  stm32f10x_usart.o(.text)
    USART_ITConfig                           0x08008667   Thumb Code    74  stm32f10x_usart.o(.text)
    USART_DMACmd                             0x080086b1   Thumb Code    18  stm32f10x_usart.o(.text)
    USART_SetAddress                         0x080086c3   Thumb Code    18  stm32f10x_usart.o(.text)
    USART_WakeUpConfig                       0x080086d5   Thumb Code    18  stm32f10x_usart.o(.text)
    USART_ReceiverWakeUpCmd                  0x080086e7   Thumb Code    24  stm32f10x_usart.o(.text)
    USART_LINBreakDetectLengthConfig         0x080086ff   Thumb Code    18  stm32f10x_usart.o(.text)
    USART_LINCmd                             0x08008711   Thumb Code    24  stm32f10x_usart.o(.text)
    USART_SendData                           0x08008729   Thumb Code     8  stm32f10x_usart.o(.text)
    USART_ReceiveData                        0x08008731   Thumb Code    10  stm32f10x_usart.o(.text)
    USART_SendBreak                          0x0800873b   Thumb Code    10  stm32f10x_usart.o(.text)
    USART_SetGuardTime                       0x08008745   Thumb Code    16  stm32f10x_usart.o(.text)
    USART_SetPrescaler                       0x08008755   Thumb Code    16  stm32f10x_usart.o(.text)
    USART_SmartCardCmd                       0x08008765   Thumb Code    24  stm32f10x_usart.o(.text)
    USART_SmartCardNACKCmd                   0x0800877d   Thumb Code    24  stm32f10x_usart.o(.text)
    USART_HalfDuplexCmd                      0x08008795   Thumb Code    24  stm32f10x_usart.o(.text)
    USART_OverSampling8Cmd                   0x080087ad   Thumb Code    22  stm32f10x_usart.o(.text)
    USART_OneBitMethodCmd                    0x080087c3   Thumb Code    24  stm32f10x_usart.o(.text)
    USART_IrDAConfig                         0x080087db   Thumb Code    18  stm32f10x_usart.o(.text)
    USART_IrDACmd                            0x080087ed   Thumb Code    24  stm32f10x_usart.o(.text)
    USART_GetFlagStatus                      0x08008805   Thumb Code    26  stm32f10x_usart.o(.text)
    USART_ClearFlag                          0x0800881f   Thumb Code    18  stm32f10x_usart.o(.text)
    USART_GetITStatus                        0x08008831   Thumb Code    84  stm32f10x_usart.o(.text)
    USART_ClearITPendingBit                  0x08008885   Thumb Code    52  stm32f10x_usart.o(.text)
    DMA_DeInit                               0x080088b9   Thumb Code   324  stm32f10x_dma.o(.text)
    DMA_Init                                 0x080089fd   Thumb Code    60  stm32f10x_dma.o(.text)
    DMA_StructInit                           0x08008a39   Thumb Code    26  stm32f10x_dma.o(.text)
    DMA_Cmd                                  0x08008a53   Thumb Code    24  stm32f10x_dma.o(.text)
    DMA_ITConfig                             0x08008a6b   Thumb Code    18  stm32f10x_dma.o(.text)
    DMA_SetCurrDataCounter                   0x08008a7d   Thumb Code     4  stm32f10x_dma.o(.text)
    DMA_GetCurrDataCounter                   0x08008a81   Thumb Code     8  stm32f10x_dma.o(.text)
    DMA_GetFlagStatus                        0x08008a89   Thumb Code    38  stm32f10x_dma.o(.text)
    DMA_ClearFlag                            0x08008aaf   Thumb Code    22  stm32f10x_dma.o(.text)
    DMA_GetITStatus                          0x08008ac5   Thumb Code    38  stm32f10x_dma.o(.text)
    DMA_ClearITPendingBit                    0x08008aeb   Thumb Code    22  stm32f10x_dma.o(.text)
    EXTI_DeInit                              0x08008b09   Thumb Code    28  stm32f10x_exti.o(.text)
    EXTI_Init                                0x08008b25   Thumb Code   142  stm32f10x_exti.o(.text)
    EXTI_StructInit                          0x08008bb3   Thumb Code    16  stm32f10x_exti.o(.text)
    EXTI_GenerateSWInterrupt                 0x08008bc3   Thumb Code    16  stm32f10x_exti.o(.text)
    EXTI_GetFlagStatus                       0x08008bd3   Thumb Code    22  stm32f10x_exti.o(.text)
    EXTI_ClearFlag                           0x08008be9   Thumb Code     8  stm32f10x_exti.o(.text)
    EXTI_GetITStatus                         0x08008bf1   Thumb Code    34  stm32f10x_exti.o(.text)
    EXTI_ClearITPendingBit                   0x08008c13   Thumb Code     8  stm32f10x_exti.o(.text)
    SPI_I2S_DeInit                           0x08008c25   Thumb Code    76  stm32f10x_spi.o(.text)
    SPI_Init                                 0x08008c71   Thumb Code    60  stm32f10x_spi.o(.text)
    I2S_Init                                 0x08008cad   Thumb Code   226  stm32f10x_spi.o(.text)
    SPI_StructInit                           0x08008d8f   Thumb Code    24  stm32f10x_spi.o(.text)
    I2S_StructInit                           0x08008da7   Thumb Code    20  stm32f10x_spi.o(.text)
    SPI_Cmd                                  0x08008dbb   Thumb Code    24  stm32f10x_spi.o(.text)
    I2S_Cmd                                  0x08008dd3   Thumb Code    24  stm32f10x_spi.o(.text)
    SPI_I2S_ITConfig                         0x08008deb   Thumb Code    32  stm32f10x_spi.o(.text)
    SPI_I2S_DMACmd                           0x08008e0b   Thumb Code    18  stm32f10x_spi.o(.text)
    SPI_I2S_SendData                         0x08008e1d   Thumb Code     4  stm32f10x_spi.o(.text)
    SPI_I2S_ReceiveData                      0x08008e21   Thumb Code     6  stm32f10x_spi.o(.text)
    SPI_NSSInternalSoftwareConfig            0x08008e27   Thumb Code    30  stm32f10x_spi.o(.text)
    SPI_SSOutputCmd                          0x08008e45   Thumb Code    24  stm32f10x_spi.o(.text)
    SPI_DataSizeConfig                       0x08008e5d   Thumb Code    18  stm32f10x_spi.o(.text)
    SPI_TransmitCRC                          0x08008e6f   Thumb Code    10  stm32f10x_spi.o(.text)
    SPI_CalculateCRC                         0x08008e79   Thumb Code    24  stm32f10x_spi.o(.text)
    SPI_GetCRC                               0x08008e91   Thumb Code    16  stm32f10x_spi.o(.text)
    SPI_GetCRCPolynomial                     0x08008ea1   Thumb Code     6  stm32f10x_spi.o(.text)
    SPI_BiDirectionalLineConfig              0x08008ea7   Thumb Code    28  stm32f10x_spi.o(.text)
    SPI_I2S_GetFlagStatus                    0x08008ec3   Thumb Code    18  stm32f10x_spi.o(.text)
    SPI_I2S_ClearFlag                        0x08008ed5   Thumb Code     6  stm32f10x_spi.o(.text)
    SPI_I2S_GetITStatus                      0x08008edb   Thumb Code    52  stm32f10x_spi.o(.text)
    SPI_I2S_ClearITPendingBit                0x08008f0f   Thumb Code    20  stm32f10x_spi.o(.text)
    __use_no_semihosting                     0x08008f31   Thumb Code     2  use_no_semi_2.o(.text)
    __c89vsprintf                            0x08008f35   Thumb Code    32  c89vsprintf.o(.text)
    __2printf                                0x08008f59   Thumb Code    20  __2printf.o(.text)
    __2sprintf                               0x08008f71   Thumb Code    38  __2sprintf.o(.text)
    _printf_pre_padding                      0x08008f9d   Thumb Code    46  _printf_pad.o(.text)
    _printf_post_padding                     0x08008fcb   Thumb Code    36  _printf_pad.o(.text)
    _printf_int_dec                          0x08008ff1   Thumb Code   102  _printf_dec.o(.text)
    _printf_longlong_hex                     0x08009069   Thumb Code    92  _printf_hex_int_ll_ptr.o(.text)
    _printf_int_hex                          0x080090c5   Thumb Code    28  _printf_hex_int_ll_ptr.o(.text)
    _printf_ll_hex                           0x080090e1   Thumb Code    12  _printf_hex_int_ll_ptr.o(.text)
    _printf_hex_ptr                          0x080090ed   Thumb Code    18  _printf_hex_int_ll_ptr.o(.text)
    __printf                                 0x08009105   Thumb Code   390  __printf_flags_ss_wp.o(.text)
    strstr                                   0x08009291   Thumb Code    36  strstr.o(.text)
    strlen                                   0x080092b5   Thumb Code    62  strlen.o(.text)
    strcat                                   0x080092f3   Thumb Code    24  strcat.o(.text)
    __aeabi_memcpy                           0x0800930b   Thumb Code     0  rt_memcpy_v6.o(.text)
    __rt_memcpy                              0x0800930b   Thumb Code   138  rt_memcpy_v6.o(.text)
    _memcpy_lastbytes                        0x08009371   Thumb Code     0  rt_memcpy_v6.o(.text)
    __aeabi_memcpy4                          0x08009395   Thumb Code     0  rt_memcpy_w.o(.text)
    __aeabi_memcpy8                          0x08009395   Thumb Code     0  rt_memcpy_w.o(.text)
    __rt_memcpy_w                            0x08009395   Thumb Code   100  rt_memcpy_w.o(.text)
    _memcpy_lastbytes_aligned                0x080093dd   Thumb Code     0  rt_memcpy_w.o(.text)
    __aeabi_memclr                           0x080093f9   Thumb Code     0  rt_memclr.o(.text)
    __rt_memclr                              0x080093f9   Thumb Code    68  rt_memclr.o(.text)
    _memset                                  0x080093fd   Thumb Code     0  rt_memclr.o(.text)
    __use_two_region_memory                  0x0800943d   Thumb Code     2  heapauxi.o(.text)
    __rt_heap_escrow$2region                 0x0800943f   Thumb Code     2  heapauxi.o(.text)
    __rt_heap_expand$2region                 0x08009441   Thumb Code     2  heapauxi.o(.text)
    __I$use$semihosting                      0x08009443   Thumb Code     0  use_no_semi.o(.text)
    __use_no_semihosting_swi                 0x08009443   Thumb Code     2  use_no_semi.o(.text)
    _printf_truncate_signed                  0x08009445   Thumb Code    18  _printf_truncate.o(.text)
    _printf_truncate_unsigned                0x08009457   Thumb Code    18  _printf_truncate.o(.text)
    _printf_str                              0x08009469   Thumb Code    82  _printf_str.o(.text)
    _printf_int_common                       0x080094bb   Thumb Code   184  _printf_intcommon.o(.text)
    _printf_charcount                        0x08009573   Thumb Code    42  _printf_charcount.o(.text)
    _printf_char_common                      0x080095a7   Thumb Code    32  _printf_char_common.o(.text)
    _sputc                                   0x080095cd   Thumb Code    10  _sputc.o(.text)
    _printf_char_file                        0x080095d9   Thumb Code    32  _printf_char_file.o(.text)
    _printf_wctomb                           0x080095fd   Thumb Code   182  _printf_wctomb.o(.text)
    _printf_longlong_dec                     0x080096b9   Thumb Code   104  _printf_longlong_dec.o(.text)
    _printf_longlong_oct                     0x08009731   Thumb Code    76  _printf_oct_int_ll.o(.text)
    _printf_int_oct                          0x0800977d   Thumb Code    24  _printf_oct_int_ll.o(.text)
    _printf_ll_oct                           0x08009795   Thumb Code    12  _printf_oct_int_ll.o(.text)
    __aeabi_memclr4                          0x080097a9   Thumb Code     0  rt_memclr_w.o(.text)
    __aeabi_memclr8                          0x080097a9   Thumb Code     0  rt_memclr_w.o(.text)
    __rt_memclr_w                            0x080097a9   Thumb Code    78  rt_memclr_w.o(.text)
    _memset_w                                0x080097ad   Thumb Code     0  rt_memclr_w.o(.text)
    _ll_udiv10                               0x080097f7   Thumb Code   138  lludiv10.o(.text)
    __lib_sel_fp_printf                      0x08009881   Thumb Code     2  _printf_fp_dec.o(.text)
    _printf_fp_dec_real                      0x08009a2d   Thumb Code   628  _printf_fp_dec.o(.text)
    _printf_cs_common                        0x08009ca1   Thumb Code    20  _printf_char.o(.text)
    _printf_char                             0x08009cb5   Thumb Code    16  _printf_char.o(.text)
    _printf_string                           0x08009cc5   Thumb Code     8  _printf_char.o(.text)
    _printf_lcs_common                       0x08009ccd   Thumb Code    20  _printf_wchar.o(.text)
    _printf_wchar                            0x08009ce1   Thumb Code    16  _printf_wchar.o(.text)
    _printf_wstring                          0x08009cf1   Thumb Code     8  _printf_wchar.o(.text)
    ferror                                   0x08009cf9   Thumb Code     8  ferror.o(.text)
    _wcrtomb                                 0x08009d01   Thumb Code    64  _wcrtomb.o(.text)
    __user_setup_stackheap                   0x08009d41   Thumb Code    74  sys_stackheap_outer.o(.text)
    __rt_ctype_table                         0x08009d8d   Thumb Code    16  rt_ctype_table.o(.text)
    __rt_locale                              0x08009d9d   Thumb Code     8  rt_locale_intlibspace.o(.text)
    _printf_fp_infnan                        0x08009da5   Thumb Code   112  _printf_fp_infnan.o(.text)
    _btod_etento                             0x08009e25   Thumb Code   222  bigflt0.o(.text)
    exit                                     0x08009f09   Thumb Code    12  exit.o(.text)
    __user_libspace                          0x08009f15   Thumb Code     8  libspace.o(.text)
    __user_perproc_libspace                  0x08009f15   Thumb Code     0  libspace.o(.text)
    __user_perthread_libspace                0x08009f15   Thumb Code     0  libspace.o(.text)
    strcmp                                   0x08009f1d   Thumb Code   128  strcmpv7m.o(.text)
    _btod_d2e                                0x08009f9d   Thumb Code    62  btod.o(CL$$btod_d2e)
    _d2e_denorm_low                          0x08009fdb   Thumb Code    70  btod.o(CL$$btod_d2e_denorm_low)
    _d2e_norm_op1                            0x0800a021   Thumb Code    96  btod.o(CL$$btod_d2e_norm_op1)
    __btod_div_common                        0x0800a081   Thumb Code   696  btod.o(CL$$btod_div_common)
    _e2e                                     0x0800a3b9   Thumb Code   198  btod.o(CL$$btod_e2e)
    _btod_ediv                               0x0800a47f   Thumb Code    40  btod.o(CL$$btod_ediv)
    _btod_emul                               0x0800a4a7   Thumb Code    40  btod.o(CL$$btod_emul)
    __btod_mult_common                       0x0800a4cf   Thumb Code   580  btod.o(CL$$btod_mult_common)
    __ARM_fpclassify                         0x0800a713   Thumb Code    40  fpclassify.o(i.__ARM_fpclassify)
    _is_digit                                0x0800a73b   Thumb Code    14  __printf_wp.o(i._is_digit)
    _get_lc_numeric                          0x0800a749   Thumb Code    44  lc_numeric_c.o(locale$$code)
    _get_lc_ctype                            0x0800a775   Thumb Code    44  lc_ctype_c.o(locale$$code)
    _printf_fp_dec                           0x0800a7a1   Thumb Code     4  printf1.o(x$fpl$printf1)
    __I$use$fp                               0x0800a7a4   Number         0  usenofp.o(x$fpl$usenofp)
    table_week                               0x0800a7a4   Data          12  rtc.o(.constdata)
    mon_table                                0x0800a7b0   Data          12  rtc.o(.constdata)
    InforCode_Font8x16                       0x0800a7bc   Data        2048  lcdlib.o(.constdata)
    InforCode_Font12x24                      0x0800afbc   Data        6144  lcdlib.o(.constdata)
    InforCode_Font16x32                      0x0800c7bc   Data         896  lcdlib.o(.constdata)
    InforCode_Font24x48                      0x0800cb3c   Data        1584  lcdlib.o(.constdata)
    GB2312Code32x32                          0x0800d16c   Data         131  lcdlib.o(.constdata)
    gImage_bg                                0x0800d1ef   Data       77440  image.o(.constdata)
    gImage_voice                             0x0802006f   Data        3528  image.o(.constdata)
    gImage_remote                            0x08020e37   Data        3528  image.o(.constdata)
    gImage_voice2                            0x08021bff   Data        1680  image.o(.constdata)
    Region$$Table$$Base                      0x08022544   Number         0  anon$$obj.o(Region$$Table)
    Region$$Table$$Limit                     0x08022564   Number         0  anon$$obj.o(Region$$Table)
    __ctype                                  0x0802258d   Data           0  lc_ctype_c.o(locale$$data)
    SystemCoreClock                          0x20000004   Data           4  system_stm32f10x.o(.data)
    AHBPrescTable                            0x20000008   Data          16  system_stm32f10x.o(.data)
    week                                     0x20000018   Data          28  ui.o(.data)
    TimeShowingFlag                          0x20000034   Data           1  ui.o(.data)
    DateShowingFlag                          0x20000035   Data           1  ui.o(.data)
    flagShowIcons                            0x20000036   Data           1  ui.o(.data)
    flagIconFdback                           0x20000037   Data           1  ui.o(.data)
    keyVal                                   0x2000003c   Data          48  setting.o(.data)
    temperature                              0x2000006d   Data           3  remote.o(.data)
    humidity                                 0x20000070   Data           3  remote.o(.data)
    GB2312Code16x16                          0x20000078   Data        3360  lcdlib.o(.data)
    TouchVal                                 0x20000da4   Data           4  touch.o(.data)
    KeyCountMs                               0x20000da8   Data           4  timer.o(.data)
    TouchCountMs                             0x20000dac   Data           4  timer.o(.data)
    gImage_setting                           0x20000db0   Data        3528  image.o(.data)
    USART2_RX_STA                            0x20001b78   Data           2  usart2.o(.data)
    networkOption                            0x20001b7a   Data           1  sim900a.o(.data)
    nAsrStatus                               0x20001b7b   Data           1  ld3320.o(.data)
    nLD_Mode                                 0x20001b7c   Data           1  ld3320.o(.data)
    ucRegVal                                 0x20001b7e   Data           1  ld3320.o(.data)
    USART_RX_STA                             0x20001b84   Data           2  usart.o(.data)
    __stdout                                 0x20001b88   Data           4  usart.o(.data)
    block_state                              0x20001ba0   Data           9  remote.o(.bss)
    calendar                                 0x20001baa   Data          10  rtc.o(.bss)
    USART2_TX_BUF                            0x20001bb8   Data        1024  usart2.o(.bss)
    USART2_RX_BUF                            0x20001fb8   Data        1024  usart2.o(.bss)
    TXdatabuf                                0x200023b8   Data          32  sim900a.o(.bss)
    RXdatabuf                                0x200023d8   Data          32  sim900a.o(.bss)
    USART_RX_BUF                             0x200023f8   Data         200  usart.o(.bss)
    __libspace_start                         0x200024c0   Data          96  libspace.o(.bss)
    __temporary_stack_top$libspace           0x20002520   Data           0  libspace.o(.bss)



==============================================================================

Memory Map of the image

  Image Entry point : 0x08000131

  Load Region LR_IROM1 (Base: 0x08000000, Size: 0x00024230, Max: 0x00040000, ABSOLUTE, COMPRESSED[0x000239f8])

    Execution Region ER_IROM1 (Base: 0x08000000, Size: 0x00022690, Max: 0x00040000, ABSOLUTE)

    Base Addr    Size         Type   Attr      Idx    E Section Name        Object

    0x08000000   0x00000130   Data   RO          663    RESET               startup_stm32f10x_hd.o
    0x08000130   0x00000008   Code   RO          880  * !!!main             c_w.l(__main.o)
    0x08000138   0x00000034   Code   RO         1147    !!!scatter          c_w.l(__scatter.o)
    0x0800016c   0x00000064   Code   RO         1145    !!dclz77c           c_w.l(__dclz77c.o)
    0x080001d0   0x0000001c   Code   RO         1149    !!handler_zi        c_w.l(__scatter_zi.o)
    0x080001ec   0x00000000   Code   RO          865    .ARM.Collect$$_printf_percent$$00000000  c_w.l(_printf_percent.o)
    0x080001ec   0x00000006   Code   RO          912    .ARM.Collect$$_printf_percent$$00000001  c_w.l(_printf_n.o)
    0x080001f2   0x00000006   Code   RO          913    .ARM.Collect$$_printf_percent$$00000002  c_w.l(_printf_p.o)
    0x080001f8   0x00000006   Code   RO          917    .ARM.Collect$$_printf_percent$$00000003  c_w.l(_printf_f.o)
    0x080001fe   0x00000006   Code   RO          918    .ARM.Collect$$_printf_percent$$00000004  c_w.l(_printf_e.o)
    0x08000204   0x00000006   Code   RO          919    .ARM.Collect$$_printf_percent$$00000005  c_w.l(_printf_g.o)
    0x0800020a   0x00000006   Code   RO          920    .ARM.Collect$$_printf_percent$$00000006  c_w.l(_printf_a.o)
    0x08000210   0x0000000a   Code   RO          925    .ARM.Collect$$_printf_percent$$00000007  c_w.l(_printf_ll.o)
    0x0800021a   0x00000006   Code   RO          915    .ARM.Collect$$_printf_percent$$00000008  c_w.l(_printf_i.o)
    0x08000220   0x00000006   Code   RO          916    .ARM.Collect$$_printf_percent$$00000009  c_w.l(_printf_d.o)
    0x08000226   0x00000006   Code   RO          864    .ARM.Collect$$_printf_percent$$0000000A  c_w.l(_printf_u.o)
    0x0800022c   0x00000006   Code   RO          914    .ARM.Collect$$_printf_percent$$0000000B  c_w.l(_printf_o.o)
    0x08000232   0x00000006   Code   RO          863    .ARM.Collect$$_printf_percent$$0000000C  c_w.l(_printf_x.o)
    0x08000238   0x00000006   Code   RO          922    .ARM.Collect$$_printf_percent$$0000000D  c_w.l(_printf_lli.o)
    0x0800023e   0x00000006   Code   RO          923    .ARM.Collect$$_printf_percent$$0000000E  c_w.l(_printf_lld.o)
    0x08000244   0x00000006   Code   RO          924    .ARM.Collect$$_printf_percent$$0000000F  c_w.l(_printf_llu.o)
    0x0800024a   0x00000006   Code   RO          929    .ARM.Collect$$_printf_percent$$00000010  c_w.l(_printf_llo.o)
    0x08000250   0x00000006   Code   RO          930    .ARM.Collect$$_printf_percent$$00000011  c_w.l(_printf_llx.o)
    0x08000256   0x0000000a   Code   RO          926    .ARM.Collect$$_printf_percent$$00000012  c_w.l(_printf_l.o)
    0x08000260   0x00000006   Code   RO          910    .ARM.Collect$$_printf_percent$$00000013  c_w.l(_printf_c.o)
    0x08000266   0x00000006   Code   RO          911    .ARM.Collect$$_printf_percent$$00000014  c_w.l(_printf_s.o)
    0x0800026c   0x00000006   Code   RO          927    .ARM.Collect$$_printf_percent$$00000015  c_w.l(_printf_lc.o)
    0x08000272   0x00000006   Code   RO          928    .ARM.Collect$$_printf_percent$$00000016  c_w.l(_printf_ls.o)
    0x08000278   0x00000004   Code   RO          921    .ARM.Collect$$_printf_percent$$00000017  c_w.l(_printf_percent_end.o)
    0x0800027c   0x00000002   Code   RO         1012    .ARM.Collect$$libinit$$00000000  c_w.l(libinit.o)
    0x0800027e   0x00000000   Code   RO         1029    .ARM.Collect$$libinit$$00000002  c_w.l(libinit2.o)
    0x0800027e   0x00000000   Code   RO         1032    .ARM.Collect$$libinit$$00000008  c_w.l(libinit2.o)
    0x0800027e   0x00000000   Code   RO         1034    .ARM.Collect$$libinit$$0000000A  c_w.l(libinit2.o)
    0x0800027e   0x00000000   Code   RO         1036    .ARM.Collect$$libinit$$0000000C  c_w.l(libinit2.o)
    0x0800027e   0x00000006   Code   RO         1037    .ARM.Collect$$libinit$$0000000D  c_w.l(libinit2.o)
    0x08000284   0x00000000   Code   RO         1039    .ARM.Collect$$libinit$$0000000F  c_w.l(libinit2.o)
    0x08000284   0x0000000c   Code   RO         1040    .ARM.Collect$$libinit$$00000010  c_w.l(libinit2.o)
    0x08000290   0x00000000   Code   RO         1041    .ARM.Collect$$libinit$$00000011  c_w.l(libinit2.o)
    0x08000290   0x00000000   Code   RO         1043    .ARM.Collect$$libinit$$00000013  c_w.l(libinit2.o)
    0x08000290   0x0000000a   Code   RO         1044    .ARM.Collect$$libinit$$00000014  c_w.l(libinit2.o)
    0x0800029a   0x00000000   Code   RO         1045    .ARM.Collect$$libinit$$00000015  c_w.l(libinit2.o)
    0x0800029a   0x00000000   Code   RO         1047    .ARM.Collect$$libinit$$00000017  c_w.l(libinit2.o)
    0x0800029a   0x00000000   Code   RO         1049    .ARM.Collect$$libinit$$00000019  c_w.l(libinit2.o)
    0x0800029a   0x00000000   Code   RO         1051    .ARM.Collect$$libinit$$0000001B  c_w.l(libinit2.o)
    0x0800029a   0x00000000   Code   RO         1053    .ARM.Collect$$libinit$$0000001D  c_w.l(libinit2.o)
    0x0800029a   0x00000000   Code   RO         1055    .ARM.Collect$$libinit$$0000001F  c_w.l(libinit2.o)
    0x0800029a   0x00000000   Code   RO         1057    .ARM.Collect$$libinit$$00000021  c_w.l(libinit2.o)
    0x0800029a   0x00000000   Code   RO         1059    .ARM.Collect$$libinit$$00000023  c_w.l(libinit2.o)
    0x0800029a   0x00000000   Code   RO         1063    .ARM.Collect$$libinit$$0000002A  c_w.l(libinit2.o)
    0x0800029a   0x00000000   Code   RO         1065    .ARM.Collect$$libinit$$0000002C  c_w.l(libinit2.o)
    0x0800029a   0x00000000   Code   RO         1067    .ARM.Collect$$libinit$$0000002E  c_w.l(libinit2.o)
    0x0800029a   0x00000000   Code   RO         1069    .ARM.Collect$$libinit$$00000030  c_w.l(libinit2.o)
    0x0800029a   0x00000002   Code   RO         1070    .ARM.Collect$$libinit$$00000031  c_w.l(libinit2.o)
    0x0800029c   0x00000002   Code   RO         1088    .ARM.Collect$$libshutdown$$00000000  c_w.l(libshutdown.o)
    0x0800029e   0x00000000   Code   RO         1099    .ARM.Collect$$libshutdown$$00000003  c_w.l(libshutdown2.o)
    0x0800029e   0x00000000   Code   RO         1102    .ARM.Collect$$libshutdown$$00000006  c_w.l(libshutdown2.o)
    0x0800029e   0x00000000   Code   RO         1105    .ARM.Collect$$libshutdown$$00000009  c_w.l(libshutdown2.o)
    0x0800029e   0x00000000   Code   RO         1107    .ARM.Collect$$libshutdown$$0000000B  c_w.l(libshutdown2.o)
    0x0800029e   0x00000000   Code   RO         1110    .ARM.Collect$$libshutdown$$0000000E  c_w.l(libshutdown2.o)
    0x0800029e   0x00000002   Code   RO         1111    .ARM.Collect$$libshutdown$$0000000F  c_w.l(libshutdown2.o)
    0x080002a0   0x00000000   Code   RO          884    .ARM.Collect$$rtentry$$00000000  c_w.l(rtentry.o)
    0x080002a0   0x00000000   Code   RO          936    .ARM.Collect$$rtentry$$00000002  c_w.l(rtentry2.o)
    0x080002a0   0x00000006   Code   RO          948    .ARM.Collect$$rtentry$$00000004  c_w.l(rtentry4.o)
    0x080002a6   0x00000000   Code   RO          938    .ARM.Collect$$rtentry$$00000009  c_w.l(rtentry2.o)
    0x080002a6   0x00000004   Code   RO          939    .ARM.Collect$$rtentry$$0000000A  c_w.l(rtentry2.o)
    0x080002aa   0x00000000   Code   RO          941    .ARM.Collect$$rtentry$$0000000C  c_w.l(rtentry2.o)
    0x080002aa   0x00000008   Code   RO          942    .ARM.Collect$$rtentry$$0000000D  c_w.l(rtentry2.o)
    0x080002b2   0x00000002   Code   RO         1021    .ARM.Collect$$rtexit$$00000000  c_w.l(rtexit.o)
    0x080002b4   0x00000000   Code   RO         1072    .ARM.Collect$$rtexit$$00000002  c_w.l(rtexit2.o)
    0x080002b4   0x00000004   Code   RO         1073    .ARM.Collect$$rtexit$$00000003  c_w.l(rtexit2.o)
    0x080002b8   0x00000006   Code   RO         1074    .ARM.Collect$$rtexit$$00000004  c_w.l(rtexit2.o)
    0x080002be   0x00000002   PAD
    0x080002c0   0x000002f0   Code   RO            1    .text               main.o
    0x080005b0   0x0000001a   Code   RO          141    .text               stm32f10x_it.o
    0x080005ca   0x00000002   PAD
    0x080005cc   0x000001dc   Code   RO          203    .text               system_stm32f10x.o
    0x080007a8   0x00000370   Code   RO          221    .text               ui.o
    0x08000b18   0x000011fc   Code   RO          280    .text               setting.o
    0x08001d14   0x0000163c   Code   RO          303    .text               remote.o
    0x08003350   0x00000184   Code   RO          364    .text               network.o
    0x080034d4   0x00000170   Code   RO          379    .text               key.o
    0x08003644   0x00000384   Code   RO          392    .text               rtc.o
    0x080039c8   0x000010d8   Code   RO          412    .text               lcdlib.o
    0x08004aa0   0x0000030c   Code   RO          436    .text               driver.o
    0x08004dac   0x00000464   Code   RO          465    .text               touch.o
    0x08005210   0x00000090   Code   RO          480    .text               timer.o
    0x080052a0   0x000002b4   Code   RO          506    .text               usart2.o
    0x08005554   0x00000954   Code   RO          535    .text               sim900a.o
    0x08005ea8   0x00000ae0   Code   RO          573    .text               ld3320.o
    0x08006988   0x000000d0   Code   RO          601    .text               delay.o
    0x08006a58   0x0000000c   Code   RO          615    .text               sys.o
    0x08006a64   0x00000144   Code   RO          627    .text               usart.o
    0x08006ba8   0x00000040   Code   RO          664    .text               startup_stm32f10x_hd.o
    0x08006be8   0x000000dc   Code   RO          668    .text               misc.o
    0x08006cc4   0x000000c4   Code   RO          680    .text               stm32f10x_bkp.o
    0x08006d88   0x00000358   Code   RO          692    .text               stm32f10x_gpio.o
    0x080070e0   0x000000cc   Code   RO          704    .text               stm32f10x_pwr.o
    0x080071ac   0x000003a4   Code   RO          716    .text               stm32f10x_rcc.o
    0x08007550   0x00000144   Code   RO          730    .text               stm32f10x_rtc.o
    0x08007694   0x00000e1a   Code   RO          742    .text               stm32f10x_tim.o
    0x080084ae   0x00000002   PAD
    0x080084b0   0x00000408   Code   RO          754    .text               stm32f10x_usart.o
    0x080088b8   0x00000250   Code   RO          766    .text               stm32f10x_dma.o
    0x08008b08   0x0000011c   Code   RO          778    .text               stm32f10x_exti.o
    0x08008c24   0x0000030c   Code   RO          790    .text               stm32f10x_spi.o
    0x08008f30   0x00000002   Code   RO          804    .text               c_w.l(use_no_semi_2.o)
    0x08008f32   0x00000002   PAD
    0x08008f34   0x00000024   Code   RO          806    .text               c_w.l(c89vsprintf.o)
    0x08008f58   0x00000018   Code   RO          808    .text               c_w.l(__2printf.o)
    0x08008f70   0x0000002c   Code   RO          810    .text               c_w.l(__2sprintf.o)
    0x08008f9c   0x00000052   Code   RO          818    .text               c_w.l(_printf_pad.o)
    0x08008fee   0x00000002   PAD
    0x08008ff0   0x00000078   Code   RO          820    .text               c_w.l(_printf_dec.o)
    0x08009068   0x0000009c   Code   RO          840    .text               c_w.l(_printf_hex_int_ll_ptr.o)
    0x08009104   0x0000018c   Code   RO          860    .text               c_w.l(__printf_flags_ss_wp.o)
    0x08009290   0x00000024   Code   RO          866    .text               c_w.l(strstr.o)
    0x080092b4   0x0000003e   Code   RO          868    .text               c_w.l(strlen.o)
    0x080092f2   0x00000018   Code   RO          870    .text               c_w.l(strcat.o)
    0x0800930a   0x0000008a   Code   RO          872    .text               c_w.l(rt_memcpy_v6.o)
    0x08009394   0x00000064   Code   RO          874    .text               c_w.l(rt_memcpy_w.o)
    0x080093f8   0x00000044   Code   RO          876    .text               c_w.l(rt_memclr.o)
    0x0800943c   0x00000006   Code   RO          878    .text               c_w.l(heapauxi.o)
    0x08009442   0x00000002   Code   RO          882    .text               c_w.l(use_no_semi.o)
    0x08009444   0x00000024   Code   RO          885    .text               c_w.l(_printf_truncate.o)
    0x08009468   0x00000052   Code   RO          887    .text               c_w.l(_printf_str.o)
    0x080094ba   0x000000b8   Code   RO          889    .text               c_w.l(_printf_intcommon.o)
    0x08009572   0x0000002a   Code   RO          891    .text               c_w.l(_printf_charcount.o)
    0x0800959c   0x00000030   Code   RO          893    .text               c_w.l(_printf_char_common.o)
    0x080095cc   0x0000000a   Code   RO          895    .text               c_w.l(_sputc.o)
    0x080095d6   0x00000002   PAD
    0x080095d8   0x00000024   Code   RO          897    .text               c_w.l(_printf_char_file.o)
    0x080095fc   0x000000bc   Code   RO          899    .text               c_w.l(_printf_wctomb.o)
    0x080096b8   0x00000078   Code   RO          902    .text               c_w.l(_printf_longlong_dec.o)
    0x08009730   0x00000078   Code   RO          908    .text               c_w.l(_printf_oct_int_ll.o)
    0x080097a8   0x0000004e   Code   RO          931    .text               c_w.l(rt_memclr_w.o)
    0x080097f6   0x0000008a   Code   RO          950    .text               c_w.l(lludiv10.o)
    0x08009880   0x00000420   Code   RO          952    .text               c_w.l(_printf_fp_dec.o)
    0x08009ca0   0x0000002c   Code   RO          956    .text               c_w.l(_printf_char.o)
    0x08009ccc   0x0000002c   Code   RO          958    .text               c_w.l(_printf_wchar.o)
    0x08009cf8   0x00000008   Code   RO          960    .text               c_w.l(ferror.o)
    0x08009d00   0x00000040   Code   RO          964    .text               c_w.l(_wcrtomb.o)
    0x08009d40   0x0000004a   Code   RO          966    .text               c_w.l(sys_stackheap_outer.o)
    0x08009d8a   0x00000002   PAD
    0x08009d8c   0x00000010   Code   RO          968    .text               c_w.l(rt_ctype_table.o)
    0x08009d9c   0x00000008   Code   RO          973    .text               c_w.l(rt_locale_intlibspace.o)
    0x08009da4   0x00000080   Code   RO          975    .text               c_w.l(_printf_fp_infnan.o)
    0x08009e24   0x000000e4   Code   RO          977    .text               c_w.l(bigflt0.o)
    0x08009f08   0x0000000c   Code   RO         1005    .text               c_w.l(exit.o)
    0x08009f14   0x00000008   Code   RO         1018    .text               c_w.l(libspace.o)
    0x08009f1c   0x00000080   Code   RO         1026    .text               c_w.l(strcmpv7m.o)
    0x08009f9c   0x0000003e   Code   RO          980    CL$$btod_d2e        c_w.l(btod.o)
    0x08009fda   0x00000046   Code   RO          982    CL$$btod_d2e_denorm_low  c_w.l(btod.o)
    0x0800a020   0x00000060   Code   RO          981    CL$$btod_d2e_norm_op1  c_w.l(btod.o)
    0x0800a080   0x00000338   Code   RO          990    CL$$btod_div_common  c_w.l(btod.o)
    0x0800a3b8   0x000000c6   Code   RO          987    CL$$btod_e2e        c_w.l(btod.o)
    0x0800a47e   0x00000028   Code   RO          984    CL$$btod_ediv       c_w.l(btod.o)
    0x0800a4a6   0x00000028   Code   RO          983    CL$$btod_emul       c_w.l(btod.o)
    0x0800a4ce   0x00000244   Code   RO          989    CL$$btod_mult_common  c_w.l(btod.o)
    0x0800a712   0x00000028   Code   RO         1016    i.__ARM_fpclassify  m_ws.l(fpclassify.o)
    0x0800a73a   0x0000000e   Code   RO          853    i._is_digit         c_w.l(__printf_wp.o)
    0x0800a748   0x0000002c   Code   RO         1003    locale$$code        c_w.l(lc_numeric_c.o)
    0x0800a774   0x0000002c   Code   RO         1024    locale$$code        c_w.l(lc_ctype_c.o)
    0x0800a7a0   0x00000004   Code   RO          933    x$fpl$printf1       fz_ws.l(printf1.o)
    0x0800a7a4   0x00000000   Code   RO         1015    x$fpl$usenofp       fz_ws.l(usenofp.o)
    0x0800a7a4   0x00000018   Data   RO          394    .constdata          rtc.o
    0x0800a7bc   0x00002a33   Data   RO          413    .constdata          lcdlib.o
    0x0800d1ef   0x000150a0   Data   RO          498    .constdata          image.o
    0x0802228f   0x00000001   PAD
    0x08022290   0x0000006d   Data   RO          537    .constdata          sim900a.o
    0x080222fd   0x00000003   PAD
    0x08022300   0x00000120   Data   RO          574    .constdata          ld3320.o
    0x08022420   0x00000028   Data   RO          841    .constdata          c_w.l(_printf_hex_int_ll_ptr.o)
    0x08022448   0x00000011   Data   RO          861    .constdata          c_w.l(__printf_flags_ss_wp.o)
    0x08022459   0x00000003   PAD
    0x0802245c   0x00000008   Data   RO          900    .constdata          c_w.l(_printf_wctomb.o)
    0x08022464   0x00000094   Data   RO          978    .constdata          c_w.l(bigflt0.o)
    0x080224f8   0x00000031   Data   RO          222    .conststring        ui.o
    0x08022529   0x00000018   Data   RO          281    .conststring        setting.o
    0x08022541   0x00000003   PAD
    0x08022544   0x00000020   Data   RO         1143    Region$$Table       anon$$obj.o
    0x08022564   0x0000001c   Data   RO         1002    locale$$data        c_w.l(lc_numeric_c.o)
    0x08022580   0x00000110   Data   RO         1023    locale$$data        c_w.l(lc_ctype_c.o)


    Execution Region RW_IRAM1 (Base: 0x20000000, Size: 0x00002b20, Max: 0x0000c000, ABSOLUTE, COMPRESSED[0x00001368])

    Base Addr    Size         Type   Attr      Idx    E Section Name        Object

    0x20000000   0x00000001   Data   RW            2    .data               main.o
    0x20000001   0x00000003   PAD
    0x20000004   0x00000014   Data   RW          204    .data               system_stm32f10x.o
    0x20000018   0x00000024   Data   RW          223    .data               ui.o
    0x2000003c   0x00000031   Data   RW          282    .data               setting.o
    0x2000006d   0x00000006   Data   RW          305    .data               remote.o
    0x20000073   0x00000002   Data   RW          380    .data               key.o
    0x20000075   0x00000001   PAD
    0x20000076   0x00000002   Data   RW          395    .data               rtc.o
    0x20000078   0x00000d20   Data   RW          414    .data               lcdlib.o
    0x20000d98   0x0000000a   Data   RW          437    .data               driver.o
    0x20000da2   0x00000006   Data   RW          466    .data               touch.o
    0x20000da8   0x00000008   Data   RW          481    .data               timer.o
    0x20000db0   0x00000dc8   Data   RW          499    .data               image.o
    0x20001b78   0x00000002   Data   RW          508    .data               usart2.o
    0x20001b7a   0x00000001   Data   RW          538    .data               sim900a.o
    0x20001b7b   0x00000004   Data   RW          575    .data               ld3320.o
    0x20001b7f   0x00000001   PAD
    0x20001b80   0x00000004   Data   RW          602    .data               delay.o
    0x20001b84   0x00000008   Data   RW          629    .data               usart.o
    0x20001b8c   0x00000014   Data   RW          717    .data               stm32f10x_rcc.o
    0x20001ba0   0x00000009   Zero   RW          304    .bss                remote.o
    0x20001ba9   0x00000001   PAD
    0x20001baa   0x0000000a   Zero   RW          393    .bss                rtc.o
    0x20001bb4   0x00000004   PAD
    0x20001bb8   0x00000800   Zero   RW          507    .bss                usart2.o
    0x200023b8   0x00000040   Zero   RW          536    .bss                sim900a.o
    0x200023f8   0x000000c8   Zero   RW          628    .bss                usart.o
    0x200024c0   0x00000060   Zero   RW         1019    .bss                c_w.l(libspace.o)
    0x20002520   0x00000200   Zero   RW          662    HEAP                startup_stm32f10x_hd.o
    0x20002720   0x00000400   Zero   RW          661    STACK               startup_stm32f10x_hd.o


==============================================================================

Image component sizes


      Code (inc. data)   RO Data    RW Data    ZI Data      Debug   Object Name

         0          0          0          0          0         32   core_cm3.o
       208         18          0          4          0        943   delay.o
       780         52          0         10          0       4206   driver.o
         0          0      86176       3528          0        588   image.o
       368         26          0          2          0       1052   key.o
      4312         46      10803       3360          0      15400   lcdlib.o
      2784        496        288          4          0       5989   ld3320.o
       752         86          0          1          0     208316   main.o
       220         20          0          0          0       1729   misc.o
       388         20          0          0          0       1278   network.o
      5692        300          0          6          9     213999   remote.o
       900         34         24          2         10       3520   rtc.o
      4604        146         24         49          0       4634   setting.o
      2388        492        109          1         64       6721   sim900a.o
        64         26        304          0       1536        752   startup_stm32f10x_hd.o
       196          8          0          0          0       3392   stm32f10x_bkp.o
       592          8          0          0          0       4258   stm32f10x_dma.o
       284         10          0          0          0       2159   stm32f10x_exti.o
       856         40          0          0          0       5573   stm32f10x_gpio.o
        26          0          0          0          0     264234   stm32f10x_it.o
       204         16          0          0          0       1883   stm32f10x_pwr.o
       932         44          0         20          0       8708   stm32f10x_rcc.o
       324          4          0          0          0       2634   stm32f10x_rtc.o
       780         14          0          0          0       6454   stm32f10x_spi.o
      3610         88          0          0          0      22056   stm32f10x_tim.o
      1032         22          0          0          0       8300   stm32f10x_usart.o
        12          0          0          0          0        417   sys.o
       476         36          0         20          0       1635   system_stm32f10x.o
       144         12          0          8          0        982   timer.o
      1124         26          0          6          0       3509   touch.o
       880        110         49         36          0       4421   ui.o
       324         16          0          8        200       2966   usart.o
       692         34          0          2       2048       3679   usart2.o

    ----------------------------------------------------------------------
     35952       2250      97816       7072       3872     816419   Object Totals
         0          0         32          0          0          0   (incl. Generated)
         4          0          7          5          5          0   (incl. Padding)

    ----------------------------------------------------------------------

      Code (inc. data)   RO Data    RW Data    ZI Data      Debug   Library Member Name

        24          4          0          0          0         84   __2printf.o
        44          6          0          0          0         84   __2sprintf.o
       100          0          0          0          0          0   __dclz77c.o
         8          0          0          0          0         68   __main.o
       396          6         17          0          0         92   __printf_flags_ss_wp.o
        14          0          0          0          0         68   __printf_wp.o
        52          8          0          0          0          0   __scatter.o
        28          0          0          0          0          0   __scatter_zi.o
         6          0          0          0          0          0   _printf_a.o
         6          0          0          0          0          0   _printf_c.o
        44          0          0          0          0        108   _printf_char.o
        48          6          0          0          0         96   _printf_char_common.o
        36          4          0          0          0         80   _printf_char_file.o
        42          0          0          0          0         68   _printf_charcount.o
         6          0          0          0          0          0   _printf_d.o
       120         18          0          0          0         92   _printf_dec.o
         6          0          0          0          0          0   _printf_e.o
         6          0          0          0          0          0   _printf_f.o
      1056          0          0          0          0        216   _printf_fp_dec.o
       128         16          0          0          0         84   _printf_fp_infnan.o
         6          0          0          0          0          0   _printf_g.o
       156          6         40          0          0        160   _printf_hex_int_ll_ptr.o
         6          0          0          0          0          0   _printf_i.o
       184          0          0          0          0         88   _printf_intcommon.o
        10          0          0          0          0          0   _printf_l.o
         6          0          0          0          0          0   _printf_lc.o
        10          0          0          0          0          0   _printf_ll.o
         6          0          0          0          0          0   _printf_lld.o
         6          0          0          0          0          0   _printf_lli.o
         6          0          0          0          0          0   _printf_llo.o
         6          0          0          0          0          0   _printf_llu.o
         6          0          0          0          0          0   _printf_llx.o
       120         16          0          0          0         92   _printf_longlong_dec.o
         6          0          0          0          0          0   _printf_ls.o
         6          0          0          0          0          0   _printf_n.o
         6          0          0          0          0          0   _printf_o.o
       120          8          0          0          0        124   _printf_oct_int_ll.o
         6          0          0          0          0          0   _printf_p.o
        82          0          0          0          0        108   _printf_pad.o
         0          0          0          0          0          0   _printf_percent.o
         4          0          0          0          0          0   _printf_percent_end.o
         6          0          0          0          0          0   _printf_s.o
        82          0          0          0          0         80   _printf_str.o
        36          0          0          0          0         84   _printf_truncate.o
         6          0          0          0          0          0   _printf_u.o
        44          0          0          0          0        108   _printf_wchar.o
       188          6          8          0          0         92   _printf_wctomb.o
         6          0          0          0          0          0   _printf_x.o
        10          0          0          0          0         68   _sputc.o
        64          0          0          0          0         92   _wcrtomb.o
       228          6        148          0          0         96   bigflt0.o
      1910        128          0          0          0        672   btod.o
        36          4          0          0          0         76   c89vsprintf.o
        12          0          0          0          0         72   exit.o
         8          0          0          0          0         68   ferror.o
         6          0          0          0          0        152   heapauxi.o
        44         10        272          0          0         76   lc_ctype_c.o
        44         10         28          0          0         76   lc_numeric_c.o
         2          0          0          0          0          0   libinit.o
        30          0          0          0          0          0   libinit2.o
         2          0          0          0          0          0   libshutdown.o
         2          0          0          0          0          0   libshutdown2.o
         8          4          0          0         96         68   libspace.o
       138          0          0          0          0         80   lludiv10.o
        16          4          0          0          0         76   rt_ctype_table.o
         8          4          0          0          0         68   rt_locale_intlibspace.o
        68          0          0          0          0         68   rt_memclr.o
        78          0          0          0          0         80   rt_memclr_w.o
       138          0          0          0          0         68   rt_memcpy_v6.o
       100          0          0          0          0         80   rt_memcpy_w.o
         0          0          0          0          0          0   rtentry.o
        12          0          0          0          0          0   rtentry2.o
         6          0          0          0          0          0   rtentry4.o
         2          0          0          0          0          0   rtexit.o
        10          0          0          0          0          0   rtexit2.o
        24          0          0          0          0         68   strcat.o
       128          0          0          0          0         68   strcmpv7m.o
        62          0          0          0          0         76   strlen.o
        36          0          0          0          0         80   strstr.o
        74          0          0          0          0         80   sys_stackheap_outer.o
         2          0          0          0          0         68   use_no_semi.o
         2          0          0          0          0         68   use_no_semi_2.o
         4          0          0          0          0         68   printf1.o
         0          0          0          0          0          0   usenofp.o
        40          0          0          0          0         68   fpclassify.o

    ----------------------------------------------------------------------
      6660        274        516          0         96       4756   Library Totals
        10          0          3          0          0          0   (incl. Padding)

    ----------------------------------------------------------------------

      Code (inc. data)   RO Data    RW Data    ZI Data      Debug   Library Name

      6606        274        513          0         96       4620   c_w.l
         4          0          0          0          0         68   fz_ws.l
        40          0          0          0          0         68   m_ws.l

    ----------------------------------------------------------------------
      6660        274        516          0         96       4756   Library Totals

    ----------------------------------------------------------------------

==============================================================================


      Code (inc. data)   RO Data    RW Data    ZI Data      Debug   

     42612       2524      98332       7072       3968     815455   Grand Totals
     42612       2524      98332       4968       3968     815455   ELF Image Totals (compressed)
     42612       2524      98332       4968          0          0   ROM Totals

==============================================================================

    Total RO  Size (Code + RO Data)               140944 ( 137.64kB)
    Total RW  Size (RW Data + ZI Data)             11040 (  10.78kB)
    Total ROM Size (Code + RO Data + RW Data)     145912 ( 142.49kB)

==============================================================================

